Component: ARM Compiler 5.06 update 7 (build 960) Tool: armlink [4d3601]

==============================================================================

Section Cross References

    startup_stm32f103xe.o(RESET) refers to startup_stm32f103xe.o(STACK) for __initial_sp
    startup_stm32f103xe.o(RESET) refers to startup_stm32f103xe.o(.text) for Reset_Handler
    startup_stm32f103xe.o(RESET) refers to stm32f1xx_it.o(i.NMI_Handler) for NMI_Handler
    startup_stm32f103xe.o(RESET) refers to stm32f1xx_it.o(i.HardFault_Handler) for HardFault_Handler
    startup_stm32f103xe.o(RESET) refers to stm32f1xx_it.o(i.MemManage_Handler) for MemManage_Handler
    startup_stm32f103xe.o(RESET) refers to stm32f1xx_it.o(i.BusFault_Handler) for BusFault_Handler
    startup_stm32f103xe.o(RESET) refers to stm32f1xx_it.o(i.UsageFault_Handler) for UsageFault_Handler
    startup_stm32f103xe.o(RESET) refers to port.o(.emb_text) for SVC_Handler
    startup_stm32f103xe.o(RESET) refers to stm32f1xx_it.o(i.DebugMon_Handler) for DebugMon_Handler
    startup_stm32f103xe.o(RESET) refers to port.o(i.SysTick_Handler) for SysTick_Handler
    startup_stm32f103xe.o(RESET) refers to stm32f1xx_it.o(i.TIM1_UP_IRQHandler) for TIM1_UP_IRQHandler
    startup_stm32f103xe.o(RESET) refers to stm32f1xx_it.o(i.USART1_IRQHandler) for USART1_IRQHandler
    startup_stm32f103xe.o(RESET) refers to stm32f1xx_it.o(i.USART2_IRQHandler) for USART2_IRQHandler
    startup_stm32f103xe.o(.text) refers to system_stm32f1xx.o(i.SystemInit) for SystemInit
    startup_stm32f103xe.o(.text) refers to entry.o(.ARM.Collect$$$$00000000) for __main
    main.o(i.HAL_TIM_PeriodElapsedCallback) refers to stm32f1xx_hal.o(i.HAL_IncTick) for HAL_IncTick
    main.o(i.SystemClock_Config) refers to memseta.o(.text) for __aeabi_memclr4
    main.o(i.SystemClock_Config) refers to stm32f1xx_hal_rcc.o(i.HAL_RCC_OscConfig) for HAL_RCC_OscConfig
    main.o(i.SystemClock_Config) refers to main.o(i.Error_Handler) for Error_Handler
    main.o(i.SystemClock_Config) refers to stm32f1xx_hal_rcc.o(i.HAL_RCC_ClockConfig) for HAL_RCC_ClockConfig
    main.o(i.main) refers to stm32f1xx_hal.o(i.HAL_Init) for HAL_Init
    main.o(i.main) refers to main.o(i.SystemClock_Config) for SystemClock_Config
    main.o(i.main) refers to gpio.o(i.MX_GPIO_Init) for MX_GPIO_Init
    main.o(i.main) refers to usart.o(i.MX_USART1_UART_Init) for MX_USART1_UART_Init
    main.o(i.main) refers to usart.o(i.MX_USART2_UART_Init) for MX_USART2_UART_Init
    main.o(i.main) refers to freertos.o(i.MX_FREERTOS_Init) for MX_FREERTOS_Init
    main.o(i.main) refers to cmsis_os.o(i.osKernelStart) for osKernelStart
    gpio.o(i.MX_GPIO_Init) refers to stm32f1xx_hal_gpio.o(i.HAL_GPIO_WritePin) for HAL_GPIO_WritePin
    gpio.o(i.MX_GPIO_Init) refers to stm32f1xx_hal_gpio.o(i.HAL_GPIO_Init) for HAL_GPIO_Init
    freertos.o(i.MX_FREERTOS_Init) refers to memcpya.o(.text) for __aeabi_memcpy4
    freertos.o(i.MX_FREERTOS_Init) refers to cmsis_os.o(i.osThreadCreate) for osThreadCreate
    freertos.o(i.MX_FREERTOS_Init) refers to freertos.o(.constdata) for .constdata
    freertos.o(i.MX_FREERTOS_Init) refers to freertos.o(.data) for defaultTaskHandle
    freertos.o(i.MotorRun) refers to stm32f1xx_hal_gpio.o(i.HAL_GPIO_WritePin) for HAL_GPIO_WritePin
    freertos.o(i.MotorRun) refers to cmsis_os.o(i.osDelay) for osDelay
    freertos.o(i.MotorRun) refers to motor.o(i.MotorTurnLeft) for MotorTurnLeft
    freertos.o(i.MotorRun) refers to motor.o(i.MotorGoStrate) for MotorGoStrate
    freertos.o(i.MotorRun) refers to motor.o(i.MotorTurn180) for MotorTurn180
    freertos.o(i.MotorRun) refers to motor.o(i.MotorTurnRight) for MotorTurnRight
    freertos.o(i.StartDefaultTask) refers to cmsis_os.o(i.osDelay) for osDelay
    freertos.o(i.UsartHmiTask) refers to stm32f1xx_hal_uart.o(i.HAL_UART_Receive) for HAL_UART_Receive
    freertos.o(i.UsartHmiTask) refers to printfa.o(i.__0printf) for __2printf
    freertos.o(i.UsartHmiTask) refers to cmsis_os.o(i.osDelay) for osDelay
    freertos.o(i.UsartHmiTask) refers to usart.o(.bss) for huart2
    freertos.o(i.vApplicationGetIdleTaskMemory) refers to freertos.o(.bss) for xIdleTaskTCBBuffer
    freertos.o(.constdata) refers to freertos.o(.conststring) for .conststring
    freertos.o(.constdata) refers to freertos.o(i.StartDefaultTask) for StartDefaultTask
    freertos.o(.constdata) refers to freertos.o(i.UsartHmiTask) for UsartHmiTask
    freertos.o(.constdata) refers to freertos.o(i.MotorRun) for MotorRun
    usart.o(i.HAL_UART_MspDeInit) refers to stm32f1xx_hal_gpio.o(i.HAL_GPIO_DeInit) for HAL_GPIO_DeInit
    usart.o(i.HAL_UART_MspDeInit) refers to stm32f1xx_hal_cortex.o(i.HAL_NVIC_DisableIRQ) for HAL_NVIC_DisableIRQ
    usart.o(i.HAL_UART_MspInit) refers to stm32f1xx_hal_gpio.o(i.HAL_GPIO_Init) for HAL_GPIO_Init
    usart.o(i.HAL_UART_MspInit) refers to stm32f1xx_hal_cortex.o(i.HAL_NVIC_SetPriority) for HAL_NVIC_SetPriority
[...]
    Removing tasks.o(i.vTaskResume), (144 bytes).
    Removing tasks.o(i.vTaskSetTimeOutState), (60 bytes).
    Removing tasks.o(i.vTaskSuspend), (244 bytes).
    Removing tasks.o(i.xTaskCheckForTimeOut), (140 bytes).
    Removing tasks.o(i.xTaskGenericNotify), (260 bytes).
    Removing tasks.o(i.xTaskGenericNotifyFromISR), (324 bytes).
    Removing tasks.o(i.xTaskGetCurrentTaskHandle), (12 bytes).
    Removing tasks.o(i.xTaskGetSchedulerState), (32 bytes).
    Removing tasks.o(i.xTaskGetTickCount), (12 bytes).
    Removing tasks.o(i.xTaskGetTickCountFromISR), (20 bytes).
    Removing tasks.o(i.xTaskNotifyStateClear), (52 bytes).
    Removing tasks.o(i.xTaskNotifyWait), (160 bytes).
    Removing tasks.o(i.xTaskPriorityDisinherit), (200 bytes).
    Removing tasks.o(i.xTaskPriorityInherit), (200 bytes).
    Removing tasks.o(i.xTaskRemoveFromEventList), (152 bytes).
    Removing tasks.o(i.xTaskResumeFromISR), (180 bytes).
    Removing cmsis_os.o(.rev16_text), (4 bytes).
    Removing cmsis_os.o(.revsh_text), (4 bytes).
    Removing cmsis_os.o(.rrx_text), (6 bytes).
    Removing cmsis_os.o(i.inHandlerMode), (16 bytes).
    Removing cmsis_os.o(i.makeCmsisPriority), (18 bytes).
    Removing cmsis_os.o(i.osAbortDelay), (6 bytes).
    Removing cmsis_os.o(i.osDelayUntil), (6 bytes).
    Removing cmsis_os.o(i.osKernelRunning), (18 bytes).
    Removing cmsis_os.o(i.osKernelSysTick), (20 bytes).
    Removing cmsis_os.o(i.osMailAlloc), (24 bytes).
    Removing cmsis_os.o(i.osMailCAlloc), (44 bytes).
    Removing cmsis_os.o(i.osMailCreate), (122 bytes).
    Removing cmsis_os.o(i.osMailFree), (22 bytes).
    Removing cmsis_os.o(i.osMailGet), (152 bytes).
    Removing cmsis_os.o(i.osMailPut), (96 bytes).
    Removing cmsis_os.o(i.osMessageAvailableSpace), (12 bytes).
    Removing cmsis_os.o(i.osMessageCreate), (40 bytes).
    Removing cmsis_os.o(i.osMessageDelete), (24 bytes).
    Removing cmsis_os.o(i.osMessageGet), (156 bytes).
    Removing cmsis_os.o(i.osMessagePeek), (86 bytes).
    Removing cmsis_os.o(i.osMessagePut), (96 bytes).
    Removing cmsis_os.o(i.osMessageWaiting), (26 bytes).
    Removing cmsis_os.o(i.osMutexCreate), (26 bytes).
    Removing cmsis_os.o(i.osMutexDelete), (24 bytes).
    Removing cmsis_os.o(i.osMutexRelease), (80 bytes).
    Removing cmsis_os.o(i.osMutexWait), (104 bytes).
    Removing cmsis_os.o(i.osPoolAlloc), (124 bytes).
    Removing cmsis_os.o(i.osPoolCAlloc), (22 bytes).
    Removing cmsis_os.o(i.osPoolCreate), (112 bytes).
    Removing cmsis_os.o(i.osPoolFree), (74 bytes).
    Removing cmsis_os.o(i.osRecursiveMutexCreate), (6 bytes).
    Removing cmsis_os.o(i.osRecursiveMutexRelease), (6 bytes).
    Removing cmsis_os.o(i.osRecursiveMutexWait), (6 bytes).
    Removing cmsis_os.o(i.osSemaphoreCreate), (74 bytes).
    Removing cmsis_os.o(i.osSemaphoreDelete), (24 bytes).
    Removing cmsis_os.o(i.osSemaphoreGetCount), (12 bytes).
    Removing cmsis_os.o(i.osSemaphoreRelease), (80 bytes).
    Removing cmsis_os.o(i.osSemaphoreWait), (104 bytes).
    Removing cmsis_os.o(i.osSignalSet), (96 bytes).
    Removing cmsis_os.o(i.osSignalWait), (98 bytes).
    Removing cmsis_os.o(i.osSystickHandler), (16 bytes).
    Removing cmsis_os.o(i.osThreadGetId), (8 bytes).
    Removing cmsis_os.o(i.osThreadGetPriority), (38 bytes).
    Removing cmsis_os.o(i.osThreadList), (6 bytes).
    Removing cmsis_os.o(i.osThreadResume), (52 bytes).
    Removing cmsis_os.o(i.osThreadResumeAll), (18 bytes).
    Removing cmsis_os.o(i.osThreadSetPriority), (26 bytes).
    Removing cmsis_os.o(i.osThreadSuspend), (14 bytes).
    Removing cmsis_os.o(i.osThreadSuspendAll), (10 bytes).
    Removing cmsis_os.o(i.osThreadTerminate), (14 bytes).
    Removing cmsis_os.o(i.osThreadYield), (24 bytes).
    Removing cmsis_os.o(i.osTimerCreate), (6 bytes).
    Removing cmsis_os.o(i.osTimerDelete), (8 bytes).
    Removing cmsis_os.o(i.osTimerStart), (8 bytes).
    Removing cmsis_os.o(i.osTimerStop), (8 bytes).
    Removing heap_4.o(i.vPortInitialiseBlocks), (2 bytes).
    Removing heap_4.o(i.xPortGetFreeHeapSize), (12 bytes).
    Removing heap_4.o(i.xPortGetMinimumEverFreeHeapSize), (12 bytes).
    Removing port.o(i.vPortEndScheduler), (48 bytes).
    Removing port.o(i.vPortValidateInterruptPriority), (120 bytes).
    Removing usarthmi.o(.rev16_text), (4 bytes).
    Removing usarthmi.o(.revsh_text), (4 bytes).
    Removing usarthmi.o(.rrx_text), (6 bytes).
    Removing usarthmi.o(i.Usarthmi_Send_Data), (288 bytes).
    Removing motor.o(.rev16_text), (4 bytes).
    Removing motor.o(.revsh_text), (4 bytes).
    Removing motor.o(.rrx_text), (6 bytes).
    Removing motor.o(.bss), (20000 bytes).

553 unused section(s) (total 69640 bytes) removed from the image.

==============================================================================

Image Symbol Table

    Local Symbols

    Symbol Name                              Value     Ov Type        Size  Object(Section)

    ../Core/Src/freertos.c                   0x00000000   Number         0  freertos.o ABSOLUTE
    ../Core/Src/gpio.c                       0x00000000   Number         0  gpio.o ABSOLUTE
    ../Core/Src/main.c                       0x00000000   Number         0  main.o ABSOLUTE
    ../Core/Src/stm32f1xx_hal_msp.c          0x00000000   Number         0  stm32f1xx_hal_msp.o ABSOLUTE
    ../Core/Src/stm32f1xx_hal_timebase_tim.c 0x00000000   Number         0  stm32f1xx_hal_timebase_tim.o ABSOLUTE
    ../Core/Src/stm32f1xx_it.c               0x00000000   Number         0  stm32f1xx_it.o ABSOLUTE
    ../Core/Src/system_stm32f1xx.c           0x00000000   Number         0  system_stm32f1xx.o ABSOLUTE
    ../Core/Src/usart.c                      0x00000000   Number         0  usart.o ABSOLUTE
    ../Drivers/STM32F1xx_HAL_Driver/Src/stm32f1xx_hal.c 0x00000000   Number         0  stm32f1xx_hal.o ABSOLUTE
    ../Drivers/STM32F1xx_HAL_Driver/Src/stm32f1xx_hal_cortex.c 0x00000000   Number         0  stm32f1xx_hal_cortex.o ABSOLUTE
    ../Drivers/STM32F1xx_HAL_Driver/Src/stm32f1xx_hal_dma.c 0x00000000   Number         0  stm32f1xx_hal_dma.o ABSOLUTE
    ../Drivers/STM32F1xx_HAL_Driver/Src/stm32f1xx_hal_exti.c 0x00000000   Number         0  stm32f1xx_hal_exti.o ABSOLUTE
    ../Drivers/STM32F1xx_HAL_Driver/Src/stm32f1xx_hal_flash.c 0x00000000   Number         0  stm32f1xx_hal_flash.o ABSOLUTE
    ../Drivers/STM32F1xx_HAL_Driver/Src/stm32f1xx_hal_flash_ex.c 0x00000000   Number         0  stm32f1xx_hal_flash_ex.o ABSOLUTE
    ../Drivers/STM32F1xx_HAL_Driver/Src/stm32f1xx_hal_gpio.c 0x00000000   Number         0  stm32f1xx_hal_gpio.o ABSOLUTE
    ../Drivers/STM32F1xx_HAL_Driver/Src/stm32f1xx_hal_gpio_ex.c 0x00000000   Number         0  stm32f1xx_hal_gpio_ex.o ABSOLUTE
    ../Drivers/STM32F1xx_HAL_Driver/Src/stm32f1xx_hal_pwr.c 0x00000000   Number         0  stm32f1xx_hal_pwr.o ABSOLUTE
    ../Drivers/STM32F1xx_HAL_Driver/Src/stm32f1xx_hal_rcc.c 0x00000000   Number         0  stm32f1xx_hal_rcc.o ABSOLUTE
    ../Drivers/STM32F1xx_HAL_Driver/Src/stm32f1xx_hal_rcc_ex.c 0x00000000   Number         0  stm32f1xx_hal_rcc_ex.o ABSOLUTE
    ../Drivers/STM32F1xx_HAL_Driver/Src/stm32f1xx_hal_tim.c 0x00000000   Number         0  stm32f1xx_hal_tim.o ABSOLUTE
    ../Drivers/STM32F1xx_HAL_Driver/Src/stm32f1xx_hal_tim_ex.c 0x00000000   Number         0  stm32f1xx_hal_tim_ex.o ABSOLUTE
    ../Drivers/STM32F1xx_HAL_Driver/Src/stm32f1xx_hal_uart.c 0x00000000   Number         0  stm32f1xx_hal_uart.o ABSOLUTE
    ../Middlewares/Third_Party/FreeRTOS/Source/CMSIS_RTOS/cmsis_os.c 0x00000000   Number         0  cmsis_os.o ABSOLUTE
    ../Middlewares/Third_Party/FreeRTOS/Source/croutine.c 0x00000000   Number         0  croutine.o ABSOLUTE
    ../Middlewares/Third_Party/FreeRTOS/Source/event_groups.c 0x00000000   Number         0  event_groups.o ABSOLUTE
    ../Middlewares/Third_Party/FreeRTOS/Source/list.c 0x00000000   Number         0  list.o ABSOLUTE
    ../Middlewares/Third_Party/FreeRTOS/Source/portable/MemMang/heap_4.c 0x00000000   Number         0  heap_4.o ABSOLUTE
    ../Middlewares/Third_Party/FreeRTOS/Source/portable/RVDS/ARM_CM3/port.c 0x00000000   Number         0  port.o ABSOLUTE
    ../Middlewares/Third_Party/FreeRTOS/Source/queue.c 0x00000000   Number         0  queue.o ABSOLUTE
    ../Middlewares/Third_Party/FreeRTOS/Source/stream_buffer.c 0x00000000   Number         0  stream_buffer.o ABSOLUTE
    ../Middlewares/Third_Party/FreeRTOS/Source/tasks.c 0x00000000   Number         0  tasks.o ABSOLUTE
    ../Middlewares/Third_Party/FreeRTOS/Source/timers.c 0x00000000   Number         0  timers.o ABSOLUTE
    ../clib/../cmprslib/zerorunl.c           0x00000000   Number         0  __dczerorl.o ABSOLUTE
    ../clib/microlib/division.c              0x00000000   Number         0  uldiv.o ABSOLUTE
    ../clib/microlib/division.c              0x00000000   Number         0  uidiv.o ABSOLUTE
    ../clib/microlib/init/entry.s            0x00000000   Number         0  entry11b.o ABSOLUTE
    ../clib/microlib/init/entry.s            0x00000000   Number         0  entry9a.o ABSOLUTE
    ../clib/microlib/init/entry.s            0x00000000   Number         0  entry12a.o ABSOLUTE
    ../clib/microlib/init/entry.s            0x00000000   Number         0  entry.o ABSOLUTE
    ../clib/microlib/init/entry.s            0x00000000   Number         0  entry2.o ABSOLUTE
    ../clib/microlib/init/entry.s            0x00000000   Number         0  entry5.o ABSOLUTE
    ../clib/microlib/init/entry.s            0x00000000   Number         0  entry7a.o ABSOLUTE
    ../clib/microlib/init/entry.s            0x00000000   Number         0  entry7b.o ABSOLUTE
    ../clib/microlib/init/entry.s            0x00000000   Number         0  entry8a.o ABSOLUTE
    ../clib/microlib/init/entry.s            0x00000000   Number         0  entry12b.o ABSOLUTE
    ../clib/microlib/init/entry.s            0x00000000   Number         0  entry11a.o ABSOLUTE
    ../clib/microlib/init/entry.s            0x00000000   Number         0  entry10b.o ABSOLUTE
    ../clib/microlib/init/entry.s            0x00000000   Number         0  entry8b.o ABSOLUTE
    ../clib/microlib/init/entry.s            0x00000000   Number         0  entry10a.o ABSOLUTE
    ../clib/microlib/init/entry.s            0x00000000   Number         0  entry9b.o ABSOLUTE
    ../clib/microlib/longlong.c              0x00000000   Number         0  llushr.o ABSOLUTE
    ../clib/microlib/longlong.c              0x00000000   Number         0  llshl.o ABSOLUTE
    ../clib/microlib/longlong.c              0x00000000   Number         0  llsshr.o ABSOLUTE
    ../clib/microlib/printf/printf.c         0x00000000   Number         0  printf3.o ABSOLUTE
    ../clib/microlib/printf/printf.c         0x00000000   Number         0  printf2.o ABSOLUTE
    ../clib/microlib/printf/printf.c         0x00000000   Number         0  printf1.o ABSOLUTE
    ../clib/microlib/printf/printf.c         0x00000000   Number         0  printf0.o ABSOLUTE
    ../clib/microlib/printf/printf.c         0x00000000   Number         0  printfb.o ABSOLUTE
    ../clib/microlib/printf/printf.c         0x00000000   Number         0  printf4.o ABSOLUTE
    ../clib/microlib/printf/printf.c         0x00000000   Number         0  printfa.o ABSOLUTE
    ../clib/microlib/printf/printf.c         0x00000000   Number         0  printf8.o ABSOLUTE
    ../clib/microlib/printf/printf.c         0x00000000   Number         0  printf7.o ABSOLUTE
    ../clib/microlib/printf/printf.c         0x00000000   Number         0  printf6.o ABSOLUTE
    ../clib/microlib/printf/printf.c         0x00000000   Number         0  printf5.o ABSOLUTE
    ../clib/microlib/printf/stubs.s          0x00000000   Number         0  stubs.o ABSOLUTE
    ../clib/microlib/stdio/streams.c         0x00000000   Number         0  stdout.o ABSOLUTE
    ../clib/microlib/string/memcpy.c         0x00000000   Number         0  memcpya.o ABSOLUTE
    ../clib/microlib/string/memcpy.c         0x00000000   Number         0  memcpyb.o ABSOLUTE
    ../clib/microlib/string/memset.c         0x00000000   Number         0  memseta.o ABSOLUTE
    ../clib/microlib/string/memset.c         0x00000000   Number         0  memset.o ABSOLUTE
    ../clib/microlib/string/strcat.c         0x00000000   Number         0  strcat.o ABSOLUTE
    ../clib/microlib/string/strlen.c         0x00000000   Number         0  strlen.o ABSOLUTE
    ../clib/microlib/stubs.s                 0x00000000   Number         0  iusefp.o ABSOLUTE
    ../fplib/microlib/fpadd.c                0x00000000   Number         0  dadd.o ABSOLUTE
    ../fplib/microlib/fpdiv.c                0x00000000   Number         0  ddiv.o ABSOLUTE
    ../fplib/microlib/fpepilogue.c           0x00000000   Number         0  depilogue.o ABSOLUTE
    ../fplib/microlib/fpfix.c                0x00000000   Number         0  dfixul.o ABSOLUTE
    ../fplib/microlib/fpmul.c                0x00000000   Number         0  dmul.o ABSOLUTE
    ..\Core\Src\freertos.c                   0x00000000   Number         0  freertos.o ABSOLUTE
    ..\Core\Src\gpio.c                       0x00000000   Number         0  gpio.o ABSOLUTE
    ..\Core\Src\main.c                       0x00000000   Number         0  main.o ABSOLUTE
    ..\Core\Src\stm32f1xx_hal_msp.c          0x00000000   Number         0  stm32f1xx_hal_msp.o ABSOLUTE
    ..\Core\Src\stm32f1xx_hal_timebase_tim.c 0x00000000   Number         0  stm32f1xx_hal_timebase_tim.o ABSOLUTE
    ..\Core\Src\stm32f1xx_it.c               0x00000000   Number         0  stm32f1xx_it.o ABSOLUTE
    ..\Core\Src\system_stm32f1xx.c           0x00000000   Number         0  system_stm32f1xx.o ABSOLUTE
    ..\Core\Src\usart.c                      0x00000000   Number         0  usart.o ABSOLUTE
    ..\Device\motor\motor.c                  0x00000000   Number         0  motor.o ABSOLUTE
    ..\Device\usarthmi\usarthmi.c            0x00000000   Number         0  usarthmi.o ABSOLUTE
    ..\Drivers\STM32F1xx_HAL_Driver\Src\stm32f1xx_hal.c 0x00000000   Number         0  stm32f1xx_hal.o ABSOLUTE
    ..\Drivers\STM32F1xx_HAL_Driver\Src\stm32f1xx_hal_cortex.c 0x00000000   Number         0  stm32f1xx_hal_cortex.o ABSOLUTE
    ..\Drivers\STM32F1xx_HAL_Driver\Src\stm32f1xx_hal_dma.c 0x00000000   Number         0  stm32f1xx_hal_dma.o ABSOLUTE
    ..\Drivers\STM32F1xx_HAL_Driver\Src\stm32f1xx_hal_exti.c 0x00000000   Number         0  stm32f1xx_hal_exti.o ABSOLUTE
    ..\Drivers\STM32F1xx_HAL_Driver\Src\stm32f1xx_hal_flash.c 0x00000000   Number         0  stm32f1xx_hal_flash.o ABSOLUTE
    ..\Drivers\STM32F1xx_HAL_Driver\Src\stm32f1xx_hal_flash_ex.c 0x00000000   Number         0  stm32f1xx_hal_flash_ex.o ABSOLUTE
    ..\Drivers\STM32F1xx_HAL_Driver\Src\stm32f1xx_hal_gpio.c 0x00000000   Number         0  stm32f1xx_hal_gpio.o ABSOLUTE
    ..\Drivers\STM32F1xx_HAL_Driver\Src\stm32f1xx_hal_gpio_ex.c 0x00000000   Number         0  stm32f1xx_hal_gpio_ex.o ABSOLUTE
    ..\Drivers\STM32F1xx_HAL_Driver\Src\stm32f1xx_hal_pwr.c 0x00000000   Number         0  stm32f1xx_hal_pwr.o ABSOLUTE
    ..\Drivers\STM32F1xx_HAL_Driver\Src\stm32f1xx_hal_rcc.c 0x00000000   Number         0  stm32f1xx_hal_rcc.o ABSOLUTE
    ..\Drivers\STM32F1xx_HAL_Driver\Src\stm32f1xx_hal_rcc_ex.c 0x00000000   Number         0  stm32f1xx_hal_rcc_ex.o ABSOLUTE
    ..\Drivers\STM32F1xx_HAL_Driver\Src\stm32f1xx_hal_tim.c 0x00000000   Number         0  stm32f1xx_hal_tim.o ABSOLUTE
    ..\Drivers\STM32F1xx_HAL_Driver\Src\stm32f1xx_hal_tim_ex.c 0x00000000   Number         0  stm32f1xx_hal_tim_ex.o ABSOLUTE
    ..\Drivers\STM32F1xx_HAL_Driver\Src\stm32f1xx_hal_uart.c 0x00000000   Number         0  stm32f1xx_hal_uart.o ABSOLUTE
    ..\Middlewares\Third_Party\FreeRTOS\Source\CMSIS_RTOS\cmsis_os.c 0x00000000   Number         0  cmsis_os.o ABSOLUTE
    ..\Middlewares\Third_Party\FreeRTOS\Source\portable\RVDS\ARM_CM3\port.c 0x00000000   Number         0  port.o ABSOLUTE
    ..\\Device\\motor\\motor.c               0x00000000   Number         0  motor.o ABSOLUTE
    ..\\Device\\usarthmi\\usarthmi.c         0x00000000   Number         0  usarthmi.o ABSOLUTE
    cdrcmple.s                               0x00000000   Number         0  cdrcmple.o ABSOLUTE
    dc.s                                     0x00000000   Number         0  dc.o ABSOLUTE
    handlers.s                               0x00000000   Number         0  handlers.o ABSOLUTE
    init.s                                   0x00000000   Number         0  init.o ABSOLUTE
    startup_stm32f103xe.s                    0x00000000   Number         0  startup_stm32f103xe.o ABSOLUTE
    RESET                                    0x08000000   Section      304  startup_stm32f103xe.o(RESET)
    .ARM.Collect$$$$00000000                 0x08000130   Section        0  entry.o(.ARM.Collect$$$$00000000)
    .ARM.Collect$$$$00000001                 0x08000130   Section        4  entry2.o(.ARM.Collect$$$$00000001)
    .ARM.Collect$$$$00000004                 0x08000134   Section        4  entry5.o(.ARM.Collect$$$$00000004)
    .ARM.Collect$$$$00000008                 0x08000138   Section        0  entry7b.o(.ARM.Collect$$$$00000008)
    .ARM.Collect$$$$0000000A                 0x08000138   Section        0  entry8b.o(.ARM.Collect$$$$0000000A)
    .ARM.Collect$$$$0000000B                 0x08000138   Section        8  entry9a.o(.ARM.Collect$$$$0000000B)
    .ARM.Collect$$$$0000000E                 0x08000140   Section        4  entry12b.o(.ARM.Collect$$$$0000000E)
    .ARM.Collect$$$$0000000F                 0x08000144   Section        0  entry10a.o(.ARM.Collect$$$$0000000F)
    .ARM.Collect$$$$00000011                 0x08000144   Section        0  entry11a.o(.ARM.Collect$$$$00000011)
    .ARM.Collect$$$$00002712                 0x08000144   Section        4  entry2.o(.ARM.Collect$$$$00002712)
    __lit__00000000                          0x08000144   Data           4  entry2.o(.ARM.Collect$$$$00002712)
    .emb_text                                0x08000148   Section      150  port.o(.emb_text)
    .text                                    0x080001e0   Section       36  startup_stm32f103xe.o(.text)
    .text                                    0x08000204   Section        0  llushr.o(.text)
    .text                                    0x08000224   Section        0  memcpya.o(.text)
    .text                                    0x08000248   Section        0  memseta.o(.text)
    .text                                    0x0800026c   Section        0  uidiv.o(.text)
    .text                                    0x08000298   Section        0  uldiv.o(.text)
    .text                                    0x080002fa   Section        0  dadd.o(.text)
    .text                                    0x080002fa   Section        0  iusefp.o(.text)
    .text                                    0x08000448   Section        0  dmul.o(.text)
    .text                                    0x0800052c   Section        0  ddiv.o(.text)
    .text                                    0x0800060a   Section        0  dfixul.o(.text)
    .text                                    0x0800063c   Section       48  cdrcmple.o(.text)
    .text                                    0x0800066c   Section       36  init.o(.text)
    .text                                    0x08000690   Section        0  llshl.o(.text)
    .text                                    0x080006ae   Section        0  llsshr.o(.text)
    .text                                    0x080006d2   Section        0  depilogue.o(.text)
    .text                                    0x0800078c   Section        0  __dczerorl.o(.text)
    i.BusFault_Handler                       0x080007c6   Section        0  stm32f1xx_it.o(i.BusFault_Handler)
    i.DebugMon_Handler                       0x080007ca   Section        0  stm32f1xx_it.o(i.DebugMon_Handler)
    i.Error_Handler                          0x080007cc   Section        0  main.o(i.Error_Handler)
    i.HAL_DMA_Abort                          0x080007d2   Section        0  stm32f1xx_hal_dma.o(i.HAL_DMA_Abort)
    i.HAL_DMA_Abort_IT                       0x08000828   Section        0  stm32f1xx_hal_dma.o(i.HAL_DMA_Abort_IT)
    i.HAL_GPIO_Init                          0x080009d0   Section        0  stm32f1xx_hal_gpio.o(i.HAL_GPIO_Init)
    i.HAL_GPIO_TogglePin                     0x08000d10   Section        0  stm32f1xx_hal_gpio.o(i.HAL_GPIO_TogglePin)
    i.HAL_GPIO_WritePin                      0x08000d24   Section        0  stm32f1xx_hal_gpio.o(i.HAL_GPIO_WritePin)
    i.HAL_GetTick                            0x08000d30   Section        0  stm32f1xx_hal.o(i.HAL_GetTick)
    i.HAL_IncTick                            0x08000d3c   Section        0  stm32f1xx_hal.o(i.HAL_IncTick)
    i.HAL_Init                               0x08000d54   Section        0  stm32f1xx_hal.o(i.HAL_Init)
    i.HAL_InitTick                           0x08000d7c   Section        0  stm32f1xx_hal_timebase_tim.o(i.HAL_InitTick)
    i.HAL_MspInit                            0x08000e04   Section        0  stm32f1xx_hal_msp.o(i.HAL_MspInit)
    i.HAL_NVIC_EnableIRQ                     0x08000e60   Section        0  stm32f1xx_hal_cortex.o(i.HAL_NVIC_EnableIRQ)
    i.HAL_NVIC_SetPriority                   0x08000e80   Section        0  stm32f1xx_hal_cortex.o(i.HAL_NVIC_SetPriority)
    i.HAL_NVIC_SetPriorityGrouping           0x08000efc   Section        0  stm32f1xx_hal_cortex.o(i.HAL_NVIC_SetPriorityGrouping)
    i.HAL_RCC_ClockConfig                    0x08000f24   Section        0  stm32f1xx_hal_rcc.o(i.HAL_RCC_ClockConfig)
    i.HAL_RCC_GetClockConfig                 0x080010b0   Section        0  stm32f1xx_hal_rcc.o(i.HAL_RCC_GetClockConfig)
    i.HAL_RCC_GetHCLKFreq                    0x080010f4   Section        0  stm32f1xx_hal_rcc.o(i.HAL_RCC_GetHCLKFreq)
    i.HAL_RCC_GetPCLK1Freq                   0x08001100   Section        0  stm32f1xx_hal_rcc.o(i.HAL_RCC_GetPCLK1Freq)
    i.HAL_RCC_GetPCLK2Freq                   0x08001120   Section        0  stm32f1xx_hal_rcc.o(i.HAL_RCC_GetPCLK2Freq)
    i.HAL_RCC_GetSysClockFreq                0x08001140   Section        0  stm32f1xx_hal_rcc.o(i.HAL_RCC_GetSysClockFreq)
    i.HAL_RCC_OscConfig                      0x080011d4   Section        0  stm32f1xx_hal_rcc.o(i.HAL_RCC_OscConfig)
    i.HAL_TIMEx_BreakCallback                0x08001638   Section        0  stm32f1xx_hal_tim_ex.o(i.HAL_TIMEx_BreakCallback)
    i.HAL_TIMEx_CommutCallback               0x0800163a   Section        0  stm32f1xx_hal_tim_ex.o(i.HAL_TIMEx_CommutCallback)
    i.HAL_TIM_Base_Init                      0x0800163c   Section        0  stm32f1xx_hal_tim.o(i.HAL_TIM_Base_Init)
    i.HAL_TIM_Base_MspInit                   0x080016a2   Section        0  stm32f1xx_hal_tim.o(i.HAL_TIM_Base_MspInit)
    i.HAL_TIM_Base_Start_IT                  0x080016a4   Section        0  stm32f1xx_hal_tim.o(i.HAL_TIM_Base_Start_IT)
    i.HAL_TIM_IC_CaptureCallback             0x08001734   Section        0  stm32f1xx_hal_tim.o(i.HAL_TIM_IC_CaptureCallback)
    i.HAL_TIM_IRQHandler                     0x08001736   Section        0  stm32f1xx_hal_tim.o(i.HAL_TIM_IRQHandler)
    i.HAL_TIM_OC_DelayElapsedCallback        0x080018cc   Section        0  stm32f1xx_hal_tim.o(i.HAL_TIM_OC_DelayElapsedCallback)
    i.HAL_TIM_PWM_PulseFinishedCallback      0x080018ce   Section        0  stm32f1xx_hal_tim.o(i.HAL_TIM_PWM_PulseFinishedCallback)
    i.HAL_TIM_PeriodElapsedCallback          0x080018d0   Section        0  main.o(i.HAL_TIM_PeriodElapsedCallback)
    i.HAL_TIM_TriggerCallback                0x080018e8   Section        0  stm32f1xx_hal_tim.o(i.HAL_TIM_TriggerCallback)
    i.HAL_UARTEx_RxEventCallback             0x080018ea   Section        0  stm32f1xx_hal_uart.o(i.HAL_UARTEx_RxEventCallback)
    i.HAL_UART_ErrorCallback                 0x080018ec   Section        0  stm32f1xx_hal_uart.o(i.HAL_UART_ErrorCallback)
    i.HAL_UART_IRQHandler                    0x080018f0   Section        0  stm32f1xx_hal_uart.o(i.HAL_UART_IRQHandler)
    i.HAL_UART_Init                          0x08001b3c   Section        0  stm32f1xx_hal_uart.o(i.HAL_UART_Init)
    i.HAL_UART_MspInit                       0x08001bb0   Section        0  usart.o(i.HAL_UART_MspInit)
    i.HAL_UART_Receive                       0x08001cc0   Section        0  stm32f1xx_hal_uart.o(i.HAL_UART_Receive)
    i.HAL_UART_RxCpltCallback                0x08001d9c   Section        0  stm32f1xx_hal_uart.o(i.HAL_UART_RxCpltCallback)
    i.HAL_UART_Transmit                      0x08001d9e   Section        0  stm32f1xx_hal_uart.o(i.HAL_UART_Transmit)
    i.HAL_UART_TxCpltCallback                0x08001e70   Section        0  stm32f1xx_hal_uart.o(i.HAL_UART_TxCpltCallback)
    i.HardFault_Handler                      0x08001e72   Section        0  stm32f1xx_it.o(i.HardFault_Handler)
    i.MX_FREERTOS_Init                       0x08001e78   Section        0  freertos.o(i.MX_FREERTOS_Init)
    i.MX_GPIO_Init                           0x08001ed8   Section        0  gpio.o(i.MX_GPIO_Init)
    i.MX_USART1_UART_Init                    0x08001f8c   Section        0  usart.o(i.MX_USART1_UART_Init)
    i.MX_USART2_UART_Init                    0x08001fc4   Section        0  usart.o(i.MX_USART2_UART_Init)
    i.MemManage_Handler                      0x08002000   Section        0  stm32f1xx_it.o(i.MemManage_Handler)
    i.MotorGoStrate                          0x08002004   Section        0  motor.o(i.MotorGoStrate)
    i.MotorRun                               0x08002034   Section        0  freertos.o(i.MotorRun)
    i.MotorTurn180                           0x080020b0   Section        0  motor.o(i.MotorTurn180)
    i.MotorTurnLeft                          0x080020f4   Section        0  motor.o(i.MotorTurnLeft)
    i.MotorTurnRight                         0x08002138   Section        0  motor.o(i.MotorTurnRight)
    i.NMI_Handler                            0x0800217c   Section        0  stm32f1xx_it.o(i.NMI_Handler)
    i.RCC_Delay                              0x08002180   Section        0  stm32f1xx_hal_rcc.o(i.RCC_Delay)
    RCC_Delay                                0x08002181   Thumb Code    36  stm32f1xx_hal_rcc.o(i.RCC_Delay)
    i.StartDefaultTask                       0x080021a8   Section        0  freertos.o(i.StartDefaultTask)
    i.SysTick_Handler                        0x080021b4   Section        0  port.o(i.SysTick_Handler)
    i.SystemClock_Config                     0x080021e8   Section        0  main.o(i.SystemClock_Config)
    i.SystemInit                             0x0800224e   Section        0  system_stm32f1xx.o(i.SystemInit)
    i.TIM1_UP_IRQHandler                     0x08002250   Section        0  stm32f1xx_it.o(i.TIM1_UP_IRQHandler)
    i.TIM_Base_SetConfig                     0x08002260   Section        0  stm32f1xx_hal_tim.o(i.TIM_Base_SetConfig)
    i.UART_DMAAbortOnError                   0x080022fc   Section        0  stm32f1xx_hal_uart.o(i.UART_DMAAbortOnError)
    UART_DMAAbortOnError                     0x080022fd   Thumb Code    20  stm32f1xx_hal_uart.o(i.UART_DMAAbortOnError)
    i.UART_EndRxTransfer                     0x08002310   Section        0  stm32f1xx_hal_uart.o(i.UART_EndRxTransfer)
    UART_EndRxTransfer                       0x08002311   Thumb Code    54  stm32f1xx_hal_uart.o(i.UART_EndRxTransfer)
    i.UART_EndTransmit_IT                    0x08002346   Section        0  stm32f1xx_hal_uart.o(i.UART_EndTransmit_IT)
    UART_EndTransmit_IT                      0x08002347   Thumb Code    32  stm32f1xx_hal_uart.o(i.UART_EndTransmit_IT)
    i.UART_Receive_IT                        0x08002366   Section        0  stm32f1xx_hal_uart.o(i.UART_Receive_IT)
    UART_Receive_IT                          0x08002367   Thumb Code   228  stm32f1xx_hal_uart.o(i.UART_Receive_IT)
    i.UART_SetConfig                         0x0800244c   Section        0  stm32f1xx_hal_uart.o(i.UART_SetConfig)
    UART_SetConfig                           0x0800244d   Thumb Code   248  stm32f1xx_hal_uart.o(i.UART_SetConfig)
    i.UART_Transmit_IT                       0x08002548   Section        0  stm32f1xx_hal_uart.o(i.UART_Transmit_IT)
    UART_Transmit_IT                         0x08002549   Thumb Code    96  stm32f1xx_hal_uart.o(i.UART_Transmit_IT)
    i.UART_WaitOnFlagUntilTimeout            0x080025a8   Section        0  stm32f1xx_hal_uart.o(i.UART_WaitOnFlagUntilTimeout)
    UART_WaitOnFlagUntilTimeout              0x080025a9   Thumb Code   108  stm32f1xx_hal_uart.o(i.UART_WaitOnFlagUntilTimeout)
    i.USART1_IRQHandler                      0x08002614   Section        0  stm32f1xx_it.o(i.USART1_IRQHandler)
    i.USART2_HmiHandler                      0x08002624   Section        0  stm32f1xx_it.o(i.USART2_HmiHandler)
    i.USART2_IRQHandler                      0x08002704   Section        0  stm32f1xx_it.o(i.USART2_IRQHandler)
    i.UsageFault_Handler                     0x08002718   Section        0  stm32f1xx_it.o(i.UsageFault_Handler)
    i.UsartHmiTask                           0x0800271c   Section        0  freertos.o(i.UsartHmiTask)
    i.__0printf                              0x0800275c   Section        0  printfa.o(i.__0printf)
    i.__NVIC_GetPriorityGrouping             0x0800277c   Section        0  stm32f1xx_hal_cortex.o(i.__NVIC_GetPriorityGrouping)
    __NVIC_GetPriorityGrouping               0x0800277d   Thumb Code    10  stm32f1xx_hal_cortex.o(i.__NVIC_GetPriorityGrouping)
    i.__NVIC_SetPriority                     0x0800278c   Section        0  stm32f1xx_hal_cortex.o(i.__NVIC_SetPriority)
    __NVIC_SetPriority                       0x0800278d   Thumb Code    32  stm32f1xx_hal_cortex.o(i.__NVIC_SetPriority)
    i.__scatterload_copy                     0x080027b4   Section       14  handlers.o(i.__scatterload_copy)
    i.__scatterload_null                     0x080027c2   Section        2  handlers.o(i.__scatterload_null)
    i.__scatterload_zeroinit                 0x080027c4   Section       14  handlers.o(i.__scatterload_zeroinit)
    i._fp_digits                             0x080027d4   Section        0  printfa.o(i._fp_digits)
    _fp_digits                               0x080027d5   Thumb Code   366  printfa.o(i._fp_digits)
    i._printf_core                           0x08002958   Section        0  printfa.o(i._printf_core)
    _printf_core                             0x08002959   Thumb Code  1704  printfa.o(i._printf_core)
    i._printf_post_padding                   0x0800300c   Section        0  printfa.o(i._printf_post_padding)
    _printf_post_padding                     0x0800300d   Thumb Code    36  printfa.o(i._printf_post_padding)
    i._printf_pre_padding                    0x08003030   Section        0  printfa.o(i._printf_pre_padding)
    _printf_pre_padding                      0x08003031   Thumb Code    46  printfa.o(i._printf_pre_padding)
    i.fputc                                  0x08003060   Section        0  usart.o(i.fputc)
    i.main                                   0x0800307c   Section        0  main.o(i.main)
    i.makeFreeRtosPriority                   0x0800309c   Section        0  cmsis_os.o(i.makeFreeRtosPriority)
    makeFreeRtosPriority                     0x0800309d   Thumb Code    14  cmsis_os.o(i.makeFreeRtosPriority)
    i.osDelay                                0x080030aa   Section        0  cmsis_os.o(i.osDelay)
    i.osKernelStart                          0x080030c2   Section        0  cmsis_os.o(i.osKernelStart)
    i.osThreadCreate                         0x080030cc   Section        0  cmsis_os.o(i.osThreadCreate)
    i.prvAddCurrentTaskToDelayedList         0x0800312c   Section        0  tasks.o(i.prvAddCurrentTaskToDelayedList)
    prvAddCurrentTaskToDelayedList           0x0800312d   Thumb Code   124  tasks.o(i.prvAddCurrentTaskToDelayedList)
    i.prvAddNewTaskToReadyList               0x080031c4   Section        0  tasks.o(i.prvAddNewTaskToReadyList)
    prvAddNewTaskToReadyList                 0x080031c5   Thumb Code   150  tasks.o(i.prvAddNewTaskToReadyList)
    i.prvCheckTasksWaitingTermination        0x08003278   Section        0  tasks.o(i.prvCheckTasksWaitingTermination)
    prvCheckTasksWaitingTermination          0x08003279   Thumb Code    60  tasks.o(i.prvCheckTasksWaitingTermination)
    i.prvDeleteTCB                           0x080032c0   Section        0  tasks.o(i.prvDeleteTCB)
    prvDeleteTCB                             0x080032c1   Thumb Code    80  tasks.o(i.prvDeleteTCB)
    i.prvHeapInit                            0x08003310   Section        0  heap_4.o(i.prvHeapInit)
    prvHeapInit                              0x08003311   Thumb Code    98  heap_4.o(i.prvHeapInit)
    i.prvIdleTask                            0x0800338c   Section        0  tasks.o(i.prvIdleTask)
    prvIdleTask                              0x0800338d   Thumb Code    32  tasks.o(i.prvIdleTask)
    i.prvInitialiseNewTask                   0x080033b4   Section        0  tasks.o(i.prvInitialiseNewTask)
    prvInitialiseNewTask                     0x080033b5   Thumb Code   170  tasks.o(i.prvInitialiseNewTask)
    i.prvInitialiseTaskLists                 0x08003460   Section        0  tasks.o(i.prvInitialiseTaskLists)
    prvInitialiseTaskLists                   0x08003461   Thumb Code    70  tasks.o(i.prvInitialiseTaskLists)
    i.prvInsertBlockIntoFreeList             0x080034c8   Section        0  heap_4.o(i.prvInsertBlockIntoFreeList)
    prvInsertBlockIntoFreeList               0x080034c9   Thumb Code    96  heap_4.o(i.prvInsertBlockIntoFreeList)
    i.prvResetNextTaskUnblockTime            0x08003530   Section        0  tasks.o(i.prvResetNextTaskUnblockTime)
    prvResetNextTaskUnblockTime              0x08003531   Thumb Code    42  tasks.o(i.prvResetNextTaskUnblockTime)
    i.prvTaskExitError                       0x08003564   Section        0  port.o(i.prvTaskExitError)
    prvTaskExitError                         0x08003565   Thumb Code    60  port.o(i.prvTaskExitError)
    i.pvPortMalloc                           0x080035a4   Section        0  heap_4.o(i.pvPortMalloc)
    i.pxPortInitialiseStack                  0x080036e0   Section        0  port.o(i.pxPortInitialiseStack)
    i.usarthmi_rx_clear                      0x08003704   Section        0  usart.o(i.usarthmi_rx_clear)
    i.uxListRemove                           0x08003718   Section        0  list.o(i.uxListRemove)
    i.vApplicationGetIdleTaskMemory          0x08003740   Section        0  freertos.o(i.vApplicationGetIdleTaskMemory)
    i.vListInitialise                        0x08003758   Section        0  list.o(i.vListInitialise)
    i.vListInitialiseItem                    0x08003772   Section        0  list.o(i.vListInitialiseItem)
    i.vListInsert                            0x08003778   Section        0  list.o(i.vListInsert)
    i.vListInsertEnd                         0x080037ac   Section        0  list.o(i.vListInsertEnd)
    i.vPortEnterCritical                     0x080037c4   Section        0  port.o(i.vPortEnterCritical)
    i.vPortExitCritical                      0x08003818   Section        0  port.o(i.vPortExitCritical)
    i.vPortFree                              0x08003854   Section        0  heap_4.o(i.vPortFree)
    i.vPortSetupTimerInterrupt               0x080038e8   Section        0  port.o(i.vPortSetupTimerInterrupt)
    i.vTaskDelay                             0x08003910   Section        0  tasks.o(i.vTaskDelay)
    i.vTaskStartScheduler                    0x0800396c   Section        0  tasks.o(i.vTaskStartScheduler)
    i.vTaskSuspendAll                        0x08003a1c   Section        0  tasks.o(i.vTaskSuspendAll)
    i.vTaskSwitchContext                     0x08003a2c   Section        0  tasks.o(i.vTaskSwitchContext)
    i.xPortStartScheduler                    0x08003ab8   Section        0  port.o(i.xPortStartScheduler)
    i.xTaskCreate                            0x08003bb0   Section        0  tasks.o(i.xTaskCreate)
    i.xTaskCreateStatic                      0x08003c14   Section        0  tasks.o(i.xTaskCreateStatic)
    i.xTaskIncrementTick                     0x08003ccc   Section        0  tasks.o(i.xTaskIncrementTick)
    i.xTaskResumeAll                         0x08003e14   Section        0  tasks.o(i.xTaskResumeAll)
    .constdata                               0x08003f18   Section       84  freertos.o(.constdata)
    .constdata                               0x08003f6c   Section       24  system_stm32f1xx.o(.constdata)
    .conststring                             0x08003f84   Section       33  freertos.o(.conststring)
    .data                                    0x20000000   Section       12  freertos.o(.data)
    .data                                    0x2000000c   Section     1036  usart.o(.data)
    .data                                    0x20000418   Section        9  stm32f1xx_hal.o(.data)
    .data                                    0x20000424   Section        4  system_stm32f1xx.o(.data)
    .data                                    0x20000428   Section       60  tasks.o(.data)
    pxDelayedTaskList                        0x2000042c   Data           4  tasks.o(.data)
    pxOverflowDelayedTaskList                0x20000430   Data           4  tasks.o(.data)
    uxDeletedTasksWaitingCleanUp             0x20000434   Data           4  tasks.o(.data)
    uxCurrentNumberOfTasks                   0x20000438   Data           4  tasks.o(.data)
    xTickCount                               0x2000043c   Data           4  tasks.o(.data)
    uxTopReadyPriority                       0x20000440   Data           4  tasks.o(.data)
    xSchedulerRunning                        0x20000444   Data           4  tasks.o(.data)
    uxPendedTicks                            0x20000448   Data           4  tasks.o(.data)
    xYieldPending                            0x2000044c   Data           4  tasks.o(.data)
    xNumOfOverflows                          0x20000450   Data           4  tasks.o(.data)
    uxTaskNumber                             0x20000454   Data           4  tasks.o(.data)
    xNextTaskUnblockTime                     0x20000458   Data           4  tasks.o(.data)
    xIdleTaskHandle                          0x2000045c   Data           4  tasks.o(.data)
    uxSchedulerSuspended                     0x20000460   Data           4  tasks.o(.data)
    .data                                    0x20000464   Section       24  heap_4.o(.data)
    xStart                                   0x20000464   Data           8  heap_4.o(.data)
    pxEnd                                    0x2000046c   Data           4  heap_4.o(.data)
    xFreeBytesRemaining                      0x20000470   Data           4  heap_4.o(.data)
    xMinimumEverFreeBytesRemaining           0x20000474   Data           4  heap_4.o(.data)
    xBlockAllocatedBit                       0x20000478   Data           4  heap_4.o(.data)
    .data                                    0x2000047c   Section       12  port.o(.data)
    uxCriticalNesting                        0x2000047c   Data           4  port.o(.data)
    ucMaxSysCallPriority                     0x20000480   Data           1  port.o(.data)
    ulMaxPRIGROUPValue                       0x20000484   Data           4  port.o(.data)
    .data                                    0x20000488   Section        4  stdout.o(.data)
    .bss                                     0x2000048c   Section      596  freertos.o(.bss)
    xIdleTaskTCBBuffer                       0x2000048c   Data          84  freertos.o(.bss)
    xIdleStack                               0x200004e0   Data         512  freertos.o(.bss)
    .bss                                     0x200006e0   Section      136  usart.o(.bss)
    .bss                                     0x20000768   Section       72  stm32f1xx_hal_timebase_tim.o(.bss)
    .bss                                     0x200007b0   Section      240  tasks.o(.bss)
    pxReadyTasksLists                        0x200007b0   Data         140  tasks.o(.bss)
    xDelayedTaskList1                        0x2000083c   Data          20  tasks.o(.bss)
    xDelayedTaskList2                        0x20000850   Data          20  tasks.o(.bss)
    xPendingReadyList                        0x20000864   Data          20  tasks.o(.bss)
    xTasksWaitingTermination                 0x20000878   Data          20  tasks.o(.bss)
    xSuspendedTaskList                       0x2000088c   Data          20  tasks.o(.bss)
    .bss                                     0x200008a0   Section     3072  heap_4.o(.bss)
    ucHeap                                   0x200008a0   Data        3072  heap_4.o(.bss)
    STACK                                    0x200014a0   Section     1024  startup_stm32f103xe.o(STACK)

    Global Symbols

    Symbol Name                              Value     Ov Type        Size  Object(Section)

    BuildAttributes$$THM_ISAv4$P$D$K$B$S$PE$A:L22UL41UL21$X:L11$S22US41US21$IEEE1$IW$USESV6$~STKCKD$USESV7$~SHL$OSPACE$ROPI$EBA8$MICROLIB$REQ8$PRES8$EABIv2 0x00000000   Number         0  anon$$obj.o ABSOLUTE
    __ARM_use_no_argv                        0x00000000   Number         0  main.o ABSOLUTE
    _printf_a                                0x00000000   Number         0  stubs.o ABSOLUTE
    _printf_c                                0x00000000   Number         0  stubs.o ABSOLUTE
    _printf_charcount                        0x00000000   Number         0  stubs.o ABSOLUTE
    _printf_d                                0x00000000   Number         0  stubs.o ABSOLUTE
    _printf_e                                0x00000000   Number         0  stubs.o ABSOLUTE
    _printf_f                                0x00000000   Number         0  stubs.o ABSOLUTE
    _printf_flags                            0x00000000   Number         0  stubs.o ABSOLUTE
    _printf_fp_dec                           0x00000000   Number         0  stubs.o ABSOLUTE
    _printf_fp_hex                           0x00000000   Number         0  stubs.o ABSOLUTE
    _printf_g                                0x00000000   Number         0  stubs.o ABSOLUTE
    _printf_i                                0x00000000   Number         0  stubs.o ABSOLUTE
    _printf_int_dec                          0x00000000   Number         0  stubs.o ABSOLUTE
    _printf_l                                0x00000000   Number         0  stubs.o ABSOLUTE
    _printf_lc                               0x00000000   Number         0  stubs.o ABSOLUTE
    _printf_ll                               0x00000000   Number         0  stubs.o ABSOLUTE
    _printf_lld                              0x00000000   Number         0  stubs.o ABSOLUTE
    _printf_lli                              0x00000000   Number         0  stubs.o ABSOLUTE
    _printf_llo                              0x00000000   Number         0  stubs.o ABSOLUTE
    _printf_llu                              0x00000000   Number         0  stubs.o ABSOLUTE
    _printf_llx                              0x00000000   Number         0  stubs.o ABSOLUTE
    _printf_longlong_dec                     0x00000000   Number         0  stubs.o ABSOLUTE
    _printf_longlong_hex                     0x00000000   Number         0  stubs.o ABSOLUTE
    _printf_longlong_oct                     0x00000000   Number         0  stubs.o ABSOLUTE
    _printf_ls                               0x00000000   Number         0  stubs.o ABSOLUTE
    _printf_mbtowc                           0x00000000   Number         0  stubs.o ABSOLUTE
    _printf_n                                0x00000000   Number         0  stubs.o ABSOLUTE
    _printf_o                                0x00000000   Number         0  stubs.o ABSOLUTE
    _printf_p                                0x00000000   Number         0  stubs.o ABSOLUTE
    _printf_percent                          0x00000000   Number         0  stubs.o ABSOLUTE
    _printf_pre_padding                      0x00000000   Number         0  stubs.o ABSOLUTE
    _printf_return_value                     0x00000000   Number         0  stubs.o ABSOLUTE
    _printf_s                                0x00000000   Number         0  stubs.o ABSOLUTE
    _printf_sizespec                         0x00000000   Number         0  stubs.o ABSOLUTE
    _printf_str                              0x00000000   Number         0  stubs.o ABSOLUTE
    _printf_truncate_signed                  0x00000000   Number         0  stubs.o ABSOLUTE
    _printf_truncate_unsigned                0x00000000   Number         0  stubs.o ABSOLUTE
    _printf_u                                0x00000000   Number         0  stubs.o ABSOLUTE
    _printf_wc                               0x00000000   Number         0  stubs.o ABSOLUTE
    _printf_wctomb                           0x00000000   Number         0  stubs.o ABSOLUTE
    _printf_widthprec                        0x00000000   Number         0  stubs.o ABSOLUTE
    _printf_x                                0x00000000   Number         0  stubs.o ABSOLUTE
    __arm_fini_                               - Undefined Weak Reference
    __cpp_initialize__aeabi_                  - Undefined Weak Reference
    __cxa_finalize                            - Undefined Weak Reference
    _clock_init                               - Undefined Weak Reference
    _microlib_exit                            - Undefined Weak Reference
    __Vectors_Size                           0x00000130   Number         0  startup_stm32f103xe.o ABSOLUTE
    __Vectors                                0x08000000   Data           4  startup_stm32f103xe.o(RESET)
    __Vectors_End                            0x08000130   Data           0  startup_stm32f103xe.o(RESET)
    __main                                   0x08000131   Thumb Code     0  entry.o(.ARM.Collect$$$$00000000)
    _main_stk                                0x08000131   Thumb Code     0  entry2.o(.ARM.Collect$$$$00000001)
    _main_scatterload                        0x08000135   Thumb Code     0  entry5.o(.ARM.Collect$$$$00000004)
    __main_after_scatterload                 0x08000139   Thumb Code     0  entry5.o(.ARM.Collect$$$$00000004)
    _main_clock                              0x08000139   Thumb Code     0  entry7b.o(.ARM.Collect$$$$00000008)
    _main_cpp_init                           0x08000139   Thumb Code     0  entry8b.o(.ARM.Collect$$$$0000000A)
    _main_init                               0x08000139   Thumb Code     0  entry9a.o(.ARM.Collect$$$$0000000B)
    __rt_lib_shutdown_fini                   0x08000141   Thumb Code     0  entry12b.o(.ARM.Collect$$$$0000000E)
    __rt_final_cpp                           0x08000145   Thumb Code     0  entry10a.o(.ARM.Collect$$$$0000000F)
    __rt_final_exit                          0x08000145   Thumb Code     0  entry11a.o(.ARM.Collect$$$$00000011)
    SVC_Handler                              0x08000149   Thumb Code    32  port.o(.emb_text)
    __asm___6_port_c_39a90d8d__prvStartFirstTask 0x0800016d   Thumb Code    28  port.o(.emb_text)
    PendSV_Handler                           0x0800018d   Thumb Code    72  port.o(.emb_text)
    vPortGetIPSR                             0x080001d9   Thumb Code     6  port.o(.emb_text)
    Reset_Handler                            0x080001e1   Thumb Code     8  startup_stm32f103xe.o(.text)
    ADC1_2_IRQHandler                        0x080001fb   Thumb Code     0  startup_stm32f103xe.o(.text)
    ADC3_IRQHandler                          0x080001fb   Thumb Code     0  startup_stm32f103xe.o(.text)
    CAN1_RX1_IRQHandler                      0x080001fb   Thumb Code     0  startup_stm32f103xe.o(.text)
    CAN1_SCE_IRQHandler                      0x080001fb   Thumb Code     0  startup_stm32f103xe.o(.text)
    DMA1_Channel1_IRQHandler                 0x080001fb   Thumb Code     0  startup_stm32f103xe.o(.text)
    DMA1_Channel2_IRQHandler                 0x080001fb   Thumb Code     0  startup_stm32f103xe.o(.text)
    DMA1_Channel3_IRQHandler                 0x080001fb   Thumb Code     0  startup_stm32f103xe.o(.text)
    DMA1_Channel4_IRQHandler                 0x080001fb   Thumb Code     0  startup_stm32f103xe.o(.text)
    DMA1_Channel5_IRQHandler                 0x080001fb   Thumb Code     0  startup_stm32f103xe.o(.text)
    DMA1_Channel6_IRQHandler                 0x080001fb   Thumb Code     0  startup_stm32f103xe.o(.text)
    DMA1_Channel7_IRQHandler                 0x080001fb   Thumb Code     0  startup_stm32f103xe.o(.text)
    DMA2_Channel1_IRQHandler                 0x080001fb   Thumb Code     0  startup_stm32f103xe.o(.text)
    DMA2_Channel2_IRQHandler                 0x080001fb   Thumb Code     0  startup_stm32f103xe.o(.text)
    DMA2_Channel3_IRQHandler                 0x080001fb   Thumb Code     0  startup_stm32f103xe.o(.text)
    DMA2_Channel4_5_IRQHandler               0x080001fb   Thumb Code     0  startup_stm32f103xe.o(.text)
    EXTI0_IRQHandler                         0x080001fb   Thumb Code     0  startup_stm32f103xe.o(.text)
    EXTI15_10_IRQHandler                     0x080001fb   Thumb Code     0  startup_stm32f103xe.o(.text)
    EXTI1_IRQHandler                         0x080001fb   Thumb Code     0  startup_stm32f103xe.o(.text)
    EXTI2_IRQHandler                         0x080001fb   Thumb Code     0  startup_stm32f103xe.o(.text)
    EXTI3_IRQHandler                         0x080001fb   Thumb Code     0  startup_stm32f103xe.o(.text)
    EXTI4_IRQHandler                         0x080001fb   Thumb Code     0  startup_stm32f103xe.o(.text)
    EXTI9_5_IRQHandler                       0x080001fb   Thumb Code     0  startup_stm32f103xe.o(.text)
    FLASH_IRQHandler                         0x080001fb   Thumb Code     0  startup_stm32f103xe.o(.text)
    FSMC_IRQHandler                          0x080001fb   Thumb Code     0  startup_stm32f103xe.o(.text)
    I2C1_ER_IRQHandler                       0x080001fb   Thumb Code     0  startup_stm32f103xe.o(.text)
    I2C1_EV_IRQHandler                       0x080001fb   Thumb Code     0  startup_stm32f103xe.o(.text)
    I2C2_ER_IRQHandler                       0x080001fb   Thumb Code     0  startup_stm32f103xe.o(.text)
    I2C2_EV_IRQHandler                       0x080001fb   Thumb Code     0  startup_stm32f103xe.o(.text)
    PVD_IRQHandler                           0x080001fb   Thumb Code     0  startup_stm32f103xe.o(.text)
    RCC_IRQHandler                           0x080001fb   Thumb Code     0  startup_stm32f103xe.o(.text)
    RTC_Alarm_IRQHandler                     0x080001fb   Thumb Code     0  startup_stm32f103xe.o(.text)
    RTC_IRQHandler                           0x080001fb   Thumb Code     0  startup_stm32f103xe.o(.text)
    SDIO_IRQHandler                          0x080001fb   Thumb Code     0  startup_stm32f103xe.o(.text)
    SPI1_IRQHandler                          0x080001fb   Thumb Code     0  startup_stm32f103xe.o(.text)
    SPI2_IRQHandler                          0x080001fb   Thumb Code     0  startup_stm32f103xe.o(.text)
    SPI3_IRQHandler                          0x080001fb   Thumb Code     0  startup_stm32f103xe.o(.text)
    TAMPER_IRQHandler                        0x080001fb   Thumb Code     0  startup_stm32f103xe.o(.text)
    TIM1_BRK_IRQHandler                      0x080001fb   Thumb Code     0  startup_stm32f103xe.o(.text)
    TIM1_CC_IRQHandler                       0x080001fb   Thumb Code     0  startup_stm32f103xe.o(.text)
    TIM1_TRG_COM_IRQHandler                  0x080001fb   Thumb Code     0  startup_stm32f103xe.o(.text)
    TIM2_IRQHandler                          0x080001fb   Thumb Code     0  startup_stm32f103xe.o(.text)
    TIM3_IRQHandler                          0x080001fb   Thumb Code     0  startup_stm32f103xe.o(.text)
    TIM4_IRQHandler                          0x080001fb   Thumb Code     0  startup_stm32f103xe.o(.text)
    TIM5_IRQHandler                          0x080001fb   Thumb Code     0  startup_stm32f103xe.o(.text)
    TIM6_IRQHandler                          0x080001fb   Thumb Code     0  startup_stm32f103xe.o(.text)
    TIM7_IRQHandler                          0x080001fb   Thumb Code     0  startup_stm32f103xe.o(.text)
    TIM8_BRK_IRQHandler                      0x080001fb   Thumb Code     0  startup_stm32f103xe.o(.text)
    TIM8_CC_IRQHandler                       0x080001fb   Thumb Code     0  startup_stm32f103xe.o(.text)
    TIM8_TRG_COM_IRQHandler                  0x080001fb   Thumb Code     0  startup_stm32f103xe.o(.text)
    TIM8_UP_IRQHandler                       0x080001fb   Thumb Code     0  startup_stm32f103xe.o(.text)
    UART4_IRQHandler                         0x080001fb   Thumb Code     0  startup_stm32f103xe.o(.text)
    UART5_IRQHandler                         0x080001fb   Thumb Code     0  startup_stm32f103xe.o(.text)
    USART3_IRQHandler                        0x080001fb   Thumb Code     0  startup_stm32f103xe.o(.text)
    USBWakeUp_IRQHandler                     0x080001fb   Thumb Code     0  startup_stm32f103xe.o(.text)
    USB_HP_CAN1_TX_IRQHandler                0x080001fb   Thumb Code     0  startup_stm32f103xe.o(.text)
    USB_LP_CAN1_RX0_IRQHandler               0x080001fb   Thumb Code     0  startup_stm32f103xe.o(.text)
    WWDG_IRQHandler                          0x080001fb   Thumb Code     0  startup_stm32f103xe.o(.text)
    __aeabi_llsr                             0x08000205   Thumb Code    32  llushr.o(.text)
    _ll_ushift_r                             0x08000205   Thumb Code     0  llushr.o(.text)
    __aeabi_memcpy                           0x08000225   Thumb Code    36  memcpya.o(.text)
    __aeabi_memcpy4                          0x08000225   Thumb Code     0  memcpya.o(.text)
    __aeabi_memcpy8                          0x08000225   Thumb Code     0  memcpya.o(.text)
    __aeabi_memset                           0x08000249   Thumb Code    14  memseta.o(.text)
    __aeabi_memset4                          0x08000249   Thumb Code     0  memseta.o(.text)
    __aeabi_memset8                          0x08000249   Thumb Code     0  memseta.o(.text)
    __aeabi_memclr                           0x08000257   Thumb Code     4  memseta.o(.text)
    __aeabi_memclr4                          0x08000257   Thumb Code     0  memseta.o(.text)
    __aeabi_memclr8                          0x08000257   Thumb Code     0  memseta.o(.text)
    memset                                   0x0800025b   Thumb Code    18  memseta.o(.text)
    __aeabi_uidiv                            0x0800026d   Thumb Code     0  uidiv.o(.text)
    __aeabi_uidivmod                         0x0800026d   Thumb Code    44  uidiv.o(.text)
    __aeabi_uldivmod                         0x08000299   Thumb Code    98  uldiv.o(.text)
    __I$use$fp                               0x080002fb   Thumb Code     0  iusefp.o(.text)
    __aeabi_dadd                             0x080002fb   Thumb Code   322  dadd.o(.text)
    __aeabi_dsub                             0x0800043d   Thumb Code     6  dadd.o(.text)
    __aeabi_drsub                            0x08000443   Thumb Code     6  dadd.o(.text)
    __aeabi_dmul                             0x08000449   Thumb Code   228  dmul.o(.text)
    __aeabi_ddiv                             0x0800052d   Thumb Code   222  ddiv.o(.text)
    __aeabi_d2ulz                            0x0800060b   Thumb Code    48  dfixul.o(.text)
    __aeabi_cdrcmple                         0x0800063d   Thumb Code    48  cdrcmple.o(.text)
    __scatterload                            0x0800066d   Thumb Code    28  init.o(.text)
    __scatterload_rt2                        0x0800066d   Thumb Code     0  init.o(.text)
    __aeabi_llsl                             0x08000691   Thumb Code    30  llshl.o(.text)
    _ll_shift_l                              0x08000691   Thumb Code     0  llshl.o(.text)
    __aeabi_lasr                             0x080006af   Thumb Code    36  llsshr.o(.text)
    _ll_sshift_r                             0x080006af   Thumb Code     0  llsshr.o(.text)
    _double_round                            0x080006d3   Thumb Code    30  depilogue.o(.text)
    _double_epilogue                         0x080006f1   Thumb Code   156  depilogue.o(.text)
    __decompress                             0x0800078d   Thumb Code     0  __dczerorl.o(.text)
    __decompress0                            0x0800078d   Thumb Code    58  __dczerorl.o(.text)
    BusFault_Handler                         0x080007c7   Thumb Code     4  stm32f1xx_it.o(i.BusFault_Handler)
    DebugMon_Handler                         0x080007cb   Thumb Code     2  stm32f1xx_it.o(i.DebugMon_Handler)
    Error_Handler                            0x080007cd   Thumb Code     6  main.o(i.Error_Handler)
    HAL_DMA_Abort                            0x080007d3   Thumb Code    86  stm32f1xx_hal_dma.o(i.HAL_DMA_Abort)
    HAL_DMA_Abort_IT                         0x08000829   Thumb Code   414  stm32f1xx_hal_dma.o(i.HAL_DMA_Abort_IT)
    HAL_GPIO_Init                            0x080009d1   Thumb Code   792  stm32f1xx_hal_gpio.o(i.HAL_GPIO_Init)
    HAL_GPIO_TogglePin                       0x08000d11   Thumb Code    20  stm32f1xx_hal_gpio.o(i.HAL_GPIO_TogglePin)
    HAL_GPIO_WritePin                        0x08000d25   Thumb Code    12  stm32f1xx_hal_gpio.o(i.HAL_GPIO_WritePin)
    HAL_GetTick                              0x08000d31   Thumb Code     6  stm32f1xx_hal.o(i.HAL_GetTick)
    HAL_IncTick                              0x08000d3d   Thumb Code    16  stm32f1xx_hal.o(i.HAL_IncTick)
    HAL_Init                                 0x08000d55   Thumb Code    34  stm32f1xx_hal.o(i.HAL_Init)
    HAL_InitTick                             0x08000d7d   Thumb Code   118  stm32f1xx_hal_timebase_tim.o(i.HAL_InitTick)
    HAL_MspInit                              0x08000e05   Thumb Code    84  stm32f1xx_hal_msp.o(i.HAL_MspInit)
    HAL_NVIC_EnableIRQ                       0x08000e61   Thumb Code    32  stm32f1xx_hal_cortex.o(i.HAL_NVIC_EnableIRQ)
    HAL_NVIC_SetPriority                     0x08000e81   Thumb Code   124  stm32f1xx_hal_cortex.o(i.HAL_NVIC_SetPriority)
    HAL_NVIC_SetPriorityGrouping             0x08000efd   Thumb Code    32  stm32f1xx_hal_cortex.o(i.HAL_NVIC_SetPriorityGrouping)
    HAL_RCC_ClockConfig                      0x08000f25   Thumb Code   376  stm32f1xx_hal_rcc.o(i.HAL_RCC_ClockConfig)
    HAL_RCC_GetClockConfig                   0x080010b1   Thumb Code    58  stm32f1xx_hal_rcc.o(i.HAL_RCC_GetClockConfig)
    HAL_RCC_GetHCLKFreq                      0x080010f5   Thumb Code     6  stm32f1xx_hal_rcc.o(i.HAL_RCC_GetHCLKFreq)
    HAL_RCC_GetPCLK1Freq                     0x08001101   Thumb Code    22  stm32f1xx_hal_rcc.o(i.HAL_RCC_GetPCLK1Freq)
    HAL_RCC_GetPCLK2Freq                     0x08001121   Thumb Code    22  stm32f1xx_hal_rcc.o(i.HAL_RCC_GetPCLK2Freq)
    HAL_RCC_GetSysClockFreq                  0x08001141   Thumb Code   116  stm32f1xx_hal_rcc.o(i.HAL_RCC_GetSysClockFreq)
    HAL_RCC_OscConfig                        0x080011d5   Thumb Code  1114  stm32f1xx_hal_rcc.o(i.HAL_RCC_OscConfig)
    HAL_TIMEx_BreakCallback                  0x08001639   Thumb Code     2  stm32f1xx_hal_tim_ex.o(i.HAL_TIMEx_BreakCallback)
    HAL_TIMEx_CommutCallback                 0x0800163b   Thumb Code     2  stm32f1xx_hal_tim_ex.o(i.HAL_TIMEx_CommutCallback)
    HAL_TIM_Base_Init                        0x0800163d   Thumb Code   102  stm32f1xx_hal_tim.o(i.HAL_TIM_Base_Init)
    HAL_TIM_Base_MspInit                     0x080016a3   Thumb Code     2  stm32f1xx_hal_tim.o(i.HAL_TIM_Base_MspInit)
    HAL_TIM_Base_Start_IT                    0x080016a5   Thumb Code   122  stm32f1xx_hal_tim.o(i.HAL_TIM_Base_Start_IT)
    HAL_TIM_IC_CaptureCallback               0x08001735   Thumb Code     2  stm32f1xx_hal_tim.o(i.HAL_TIM_IC_CaptureCallback)
    HAL_TIM_IRQHandler                       0x08001737   Thumb Code   406  stm32f1xx_hal_tim.o(i.HAL_TIM_IRQHandler)
    HAL_TIM_OC_DelayElapsedCallback          0x080018cd   Thumb Code     2  stm32f1xx_hal_tim.o(i.HAL_TIM_OC_DelayElapsedCallback)
    HAL_TIM_PWM_PulseFinishedCallback        0x080018cf   Thumb Code     2  stm32f1xx_hal_tim.o(i.HAL_TIM_PWM_PulseFinishedCallback)
    HAL_TIM_PeriodElapsedCallback            0x080018d1   Thumb Code    18  main.o(i.HAL_TIM_PeriodElapsedCallback)
    HAL_TIM_TriggerCallback                  0x080018e9   Thumb Code     2  stm32f1xx_hal_tim.o(i.HAL_TIM_TriggerCallback)
    HAL_UARTEx_RxEventCallback               0x080018eb   Thumb Code     2  stm32f1xx_hal_uart.o(i.HAL_UARTEx_RxEventCallback)
    HAL_UART_ErrorCallback                   0x080018ed   Thumb Code     2  stm32f1xx_hal_uart.o(i.HAL_UART_ErrorCallback)
    HAL_UART_IRQHandler                      0x080018f1   Thumb Code   582  stm32f1xx_hal_uart.o(i.HAL_UART_IRQHandler)
    HAL_UART_Init                            0x08001b3d   Thumb Code   114  stm32f1xx_hal_uart.o(i.HAL_UART_Init)
    HAL_UART_MspInit                         0x08001bb1   Thumb Code   256  usart.o(i.HAL_UART_MspInit)
    HAL_UART_Receive                         0x08001cc1   Thumb Code   220  stm32f1xx_hal_uart.o(i.HAL_UART_Receive)
    HAL_UART_RxCpltCallback                  0x08001d9d   Thumb Code     2  stm32f1xx_hal_uart.o(i.HAL_UART_RxCpltCallback)
    HAL_UART_Transmit                        0x08001d9f   Thumb Code   210  stm32f1xx_hal_uart.o(i.HAL_UART_Transmit)
    HAL_UART_TxCpltCallback                  0x08001e71   Thumb Code     2  stm32f1xx_hal_uart.o(i.HAL_UART_TxCpltCallback)
    HardFault_Handler                        0x08001e73   Thumb Code     4  stm32f1xx_it.o(i.HardFault_Handler)
    MX_FREERTOS_Init                         0x08001e79   Thumb Code    78  freertos.o(i.MX_FREERTOS_Init)
    MX_GPIO_Init                             0x08001ed9   Thumb Code   166  gpio.o(i.MX_GPIO_Init)
    MX_USART1_UART_Init                      0x08001f8d   Thumb Code    46  usart.o(i.MX_USART1_UART_Init)
    MX_USART2_UART_Init                      0x08001fc5   Thumb Code    52  usart.o(i.MX_USART2_UART_Init)
    MemManage_Handler                        0x08002001   Thumb Code     4  stm32f1xx_it.o(i.MemManage_Handler)
    MotorGoStrate                            0x08002005   Thumb Code    38  motor.o(i.MotorGoStrate)
    MotorRun                                 0x08002035   Thumb Code   116  freertos.o(i.MotorRun)
    MotorTurn180                             0x080020b1   Thumb Code    58  motor.o(i.MotorTurn180)
    MotorTurnLeft                            0x080020f5   Thumb Code    60  motor.o(i.MotorTurnLeft)
    MotorTurnRight                           0x08002139   Thumb Code    58  motor.o(i.MotorTurnRight)
    NMI_Handler                              0x0800217d   Thumb Code     4  stm32f1xx_it.o(i.NMI_Handler)
    StartDefaultTask                         0x080021a9   Thumb Code    10  freertos.o(i.StartDefaultTask)
    SysTick_Handler                          0x080021b5   Thumb Code    46  port.o(i.SysTick_Handler)
    SystemClock_Config                       0x080021e9   Thumb Code   102  main.o(i.SystemClock_Config)
    SystemInit                               0x0800224f   Thumb Code     2  system_stm32f1xx.o(i.SystemInit)
    TIM1_UP_IRQHandler                       0x08002251   Thumb Code    10  stm32f1xx_it.o(i.TIM1_UP_IRQHandler)
    TIM_Base_SetConfig                       0x08002261   Thumb Code   134  stm32f1xx_hal_tim.o(i.TIM_Base_SetConfig)
    USART1_IRQHandler                        0x08002615   Thumb Code    10  stm32f1xx_it.o(i.USART1_IRQHandler)
    USART2_HmiHandler                        0x08002625   Thumb Code   216  stm32f1xx_it.o(i.USART2_HmiHandler)
    USART2_IRQHandler                        0x08002705   Thumb Code    14  stm32f1xx_it.o(i.USART2_IRQHandler)
    UsageFault_Handler                       0x08002719   Thumb Code     4  stm32f1xx_it.o(i.UsageFault_Handler)
    UsartHmiTask                             0x0800271d   Thumb Code    50  freertos.o(i.UsartHmiTask)
    __0printf                                0x0800275d   Thumb Code    22  printfa.o(i.__0printf)
    __1printf                                0x0800275d   Thumb Code     0  printfa.o(i.__0printf)
    __2printf                                0x0800275d   Thumb Code     0  printfa.o(i.__0printf)
    __c89printf                              0x0800275d   Thumb Code     0  printfa.o(i.__0printf)
    printf                                   0x0800275d   Thumb Code     0  printfa.o(i.__0printf)
    __scatterload_copy                       0x080027b5   Thumb Code    14  handlers.o(i.__scatterload_copy)
    __scatterload_null                       0x080027c3   Thumb Code     2  handlers.o(i.__scatterload_null)
    __scatterload_zeroinit                   0x080027c5   Thumb Code    14  handlers.o(i.__scatterload_zeroinit)
    fputc                                    0x08003061   Thumb Code    22  usart.o(i.fputc)
    main                                     0x0800307d   Thumb Code    32  main.o(i.main)
    osDelay                                  0x080030ab   Thumb Code    24  cmsis_os.o(i.osDelay)
    osKernelStart                            0x080030c3   Thumb Code    10  cmsis_os.o(i.osKernelStart)
    osThreadCreate                           0x080030cd   Thumb Code    94  cmsis_os.o(i.osThreadCreate)
    pvPortMalloc                             0x080035a5   Thumb Code   296  heap_4.o(i.pvPortMalloc)
    pxPortInitialiseStack                    0x080036e1   Thumb Code    30  port.o(i.pxPortInitialiseStack)
    usarthmi_rx_clear                        0x08003705   Thumb Code    14  usart.o(i.usarthmi_rx_clear)
    uxListRemove                             0x08003719   Thumb Code    40  list.o(i.uxListRemove)
    vApplicationGetIdleTaskMemory            0x08003741   Thumb Code    14  freertos.o(i.vApplicationGetIdleTaskMemory)
    vListInitialise                          0x08003759   Thumb Code    26  list.o(i.vListInitialise)
    vListInitialiseItem                      0x08003773   Thumb Code     6  list.o(i.vListInitialiseItem)
    vListInsert                              0x08003779   Thumb Code    52  list.o(i.vListInsert)
    vListInsertEnd                           0x080037ad   Thumb Code    24  list.o(i.vListInsertEnd)
    vPortEnterCritical                       0x080037c5   Thumb Code    76  port.o(i.vPortEnterCritical)
    vPortExitCritical                        0x08003819   Thumb Code    56  port.o(i.vPortExitCritical)
    vPortFree                                0x08003855   Thumb Code   140  heap_4.o(i.vPortFree)
    vPortSetupTimerInterrupt                 0x080038e9   Thumb Code    36  port.o(i.vPortSetupTimerInterrupt)
    vTaskDelay                               0x08003911   Thumb Code    82  tasks.o(i.vTaskDelay)
    vTaskStartScheduler                      0x0800396d   Thumb Code   146  tasks.o(i.vTaskStartScheduler)
    vTaskSuspendAll                          0x08003a1d   Thumb Code    12  tasks.o(i.vTaskSuspendAll)
    vTaskSwitchContext                       0x08003a2d   Thumb Code   118  tasks.o(i.vTaskSwitchContext)
    xPortStartScheduler                      0x08003ab9   Thumb Code   228  port.o(i.xPortStartScheduler)
    xTaskCreate                              0x08003bb1   Thumb Code   100  tasks.o(i.xTaskCreate)
    xTaskCreateStatic                        0x08003c15   Thumb Code   184  tasks.o(i.xTaskCreateStatic)
    xTaskIncrementTick                       0x08003ccd   Thumb Code   282  tasks.o(i.xTaskIncrementTick)
    xTaskResumeAll                           0x08003e15   Thumb Code   224  tasks.o(i.xTaskResumeAll)
    AHBPrescTable                            0x08003f6c   Data          16  system_stm32f1xx.o(.constdata)
    APBPrescTable                            0x08003f7c   Data           8  system_stm32f1xx.o(.constdata)
    Region$$Table$$Base                      0x08003fa8   Number         0  anon$$obj.o(Region$$Table)
    Region$$Table$$Limit                     0x08003fc8   Number         0  anon$$obj.o(Region$$Table)
    defaultTaskHandle                        0x20000000   Data           4  freertos.o(.data)
    usartHmiHandle                           0x20000004   Data           4  freertos.o(.data)
    motorRunHandle                           0x20000008   Data           4  freertos.o(.data)
    usarthmi_it                              0x2000000c   Data        1036  usart.o(.data)
    uwTick                                   0x20000418   Data           4  stm32f1xx_hal.o(.data)
    uwTickPrio                               0x2000041c   Data           4  stm32f1xx_hal.o(.data)
    uwTickFreq                               0x20000420   Data           1  stm32f1xx_hal.o(.data)
    SystemCoreClock                          0x20000424   Data           4  system_stm32f1xx.o(.data)
    pxCurrentTCB                             0x20000428   Data           4  tasks.o(.data)
    __stdout                                 0x20000488   Data           4  stdout.o(.data)
    huart1                                   0x200006e0   Data          68  usart.o(.bss)
    huart2                                   0x20000724   Data          68  usart.o(.bss)
    htim1                                    0x20000768   Data          72  stm32f1xx_hal_timebase_tim.o(.bss)
    __initial_sp                             0x200018a0   Data           0  startup_stm32f103xe.o(STACK)



==============================================================================

Memory Map of the image

  Image Entry point : 0x08000131

  Load Region LR_IROM1 (Base: 0x08000000, Size: 0x00004454, Max: 0x00040000, ABSOLUTE, COMPRESSED[0x00003fe8])

    Execution Region ER_IROM1 (Exec base: 0x08000000, Load base: 0x08000000, Size: 0x00003fc8, Max: 0x00040000, ABSOLUTE)

    Exec Addr    Load Addr    Size         Type   Attr      Idx    E Section Name        Object

    0x08000000   0x08000000   0x00000130   Data   RO            3    RESET               startup_stm32f103xe.o
    0x08000130   0x08000130   0x00000000   Code   RO         4288  * .ARM.Collect$$$$00000000  mc_w.l(entry.o)
    0x08000130   0x08000130   0x00000004   Code   RO         4566    .ARM.Collect$$$$00000001  mc_w.l(entry2.o)
    0x08000134   0x08000134   0x00000004   Code   RO         4569    .ARM.Collect$$$$00000004  mc_w.l(entry5.o)
    0x08000138   0x08000138   0x00000000   Code   RO         4571    .ARM.Collect$$$$00000008  mc_w.l(entry7b.o)
    0x08000138   0x08000138   0x00000000   Code   RO         4573    .ARM.Collect$$$$0000000A  mc_w.l(entry8b.o)
    0x08000138   0x08000138   0x00000008   Code   RO         4574    .ARM.Collect$$$$0000000B  mc_w.l(entry9a.o)
    0x08000140   0x08000140   0x00000004   Code   RO         4581    .ARM.Collect$$$$0000000E  mc_w.l(entry12b.o)
    0x08000144   0x08000144   0x00000000   Code   RO         4576    .ARM.Collect$$$$0000000F  mc_w.l(entry10a.o)
    0x08000144   0x08000144   0x00000000   Code   RO         4578    .ARM.Collect$$$$00000011  mc_w.l(entry11a.o)
    0x08000144   0x08000144   0x00000004   Code   RO         4567    .ARM.Collect$$$$00002712  mc_w.l(entry2.o)
    0x08000148   0x08000148   0x00000096   Code   RO         4142    .emb_text           port.o
    0x080001de   0x080001de   0x00000002   PAD
    0x080001e0   0x080001e0   0x00000024   Code   RO            4    .text               startup_stm32f103xe.o
    0x08000204   0x08000204   0x00000020   Code   RO         4291    .text               mc_w.l(llushr.o)
    0x08000224   0x08000224   0x00000024   Code   RO         4293    .text               mc_w.l(memcpya.o)
    0x08000248   0x08000248   0x00000024   Code   RO         4297    .text               mc_w.l(memseta.o)
    0x0800026c   0x0800026c   0x0000002c   Code   RO         4583    .text               mc_w.l(uidiv.o)
    0x08000298   0x08000298   0x00000062   Code   RO         4585    .text               mc_w.l(uldiv.o)
    0x080002fa   0x080002fa   0x00000000   Code   RO         4587    .text               mc_w.l(iusefp.o)
    0x080002fa   0x080002fa   0x0000014e   Code   RO         4588    .text               mf_w.l(dadd.o)
    0x08000448   0x08000448   0x000000e4   Code   RO         4590    .text               mf_w.l(dmul.o)
    0x0800052c   0x0800052c   0x000000de   Code   RO         4592    .text               mf_w.l(ddiv.o)
    0x0800060a   0x0800060a   0x00000030   Code   RO         4594    .text               mf_w.l(dfixul.o)
    0x0800063a   0x0800063a   0x00000002   PAD
    0x0800063c   0x0800063c   0x00000030   Code   RO         4596    .text               mf_w.l(cdrcmple.o)
    0x0800066c   0x0800066c   0x00000024   Code   RO         4598    .text               mc_w.l(init.o)
    0x08000690   0x08000690   0x0000001e   Code   RO         4600    .text               mc_w.l(llshl.o)
    0x080006ae   0x080006ae   0x00000024   Code   RO         4602    .text               mc_w.l(llsshr.o)
    0x080006d2   0x080006d2   0x000000ba   Code   RO         4604    .text               mf_w.l(depilogue.o)
    0x0800078c   0x0800078c   0x0000003a   Code   RO         4614    .text               mc_w.l(__dczerorl.o)
    0x080007c6   0x080007c6   0x00000004   Code   RO          359    i.BusFault_Handler  stm32f1xx_it.o
    0x080007ca   0x080007ca   0x00000002   Code   RO          360    i.DebugMon_Handler  stm32f1xx_it.o
    0x080007cc   0x080007cc   0x00000006   Code   RO           13    i.Error_Handler     main.o
    0x080007d2   0x080007d2   0x00000056   Code   RO          924    i.HAL_DMA_Abort     stm32f1xx_hal_dma.o
    0x08000828   0x08000828   0x000001a8   Code   RO          925    i.HAL_DMA_Abort_IT  stm32f1xx_hal_dma.o
    0x080009d0   0x080009d0   0x00000340   Code   RO          860    i.HAL_GPIO_Init     stm32f1xx_hal_gpio.o
    0x08000d10   0x08000d10   0x00000014   Code   RO          863    i.HAL_GPIO_TogglePin  stm32f1xx_hal_gpio.o
    0x08000d24   0x08000d24   0x0000000c   Code   RO          864    i.HAL_GPIO_WritePin  stm32f1xx_hal_gpio.o
    0x08000d30   0x08000d30   0x0000000c   Code   RO          551    i.HAL_GetTick       stm32f1xx_hal.o
    0x08000d3c   0x08000d3c   0x00000018   Code   RO          557    i.HAL_IncTick       stm32f1xx_hal.o
    0x08000d54   0x08000d54   0x00000028   Code   RO          558    i.HAL_Init          stm32f1xx_hal.o
    0x08000d7c   0x08000d7c   0x00000088   Code   RO          465    i.HAL_InitTick      stm32f1xx_hal_timebase_tim.o
    0x08000e04   0x08000e04   0x0000005c   Code   RO          441    i.HAL_MspInit       stm32f1xx_hal_msp.o
    0x08000e60   0x08000e60   0x00000020   Code   RO         1020    i.HAL_NVIC_EnableIRQ  stm32f1xx_hal_cortex.o
    0x08000e80   0x08000e80   0x0000007c   Code   RO         1026    i.HAL_NVIC_SetPriority  stm32f1xx_hal_cortex.o
    0x08000efc   0x08000efc   0x00000028   Code   RO         1027    i.HAL_NVIC_SetPriorityGrouping  stm32f1xx_hal_cortex.o
    0x08000f24   0x08000f24   0x0000018c   Code   RO          715    i.HAL_RCC_ClockConfig  stm32f1xx_hal_rcc.o
    0x080010b0   0x080010b0   0x00000044   Code   RO          719    i.HAL_RCC_GetClockConfig  stm32f1xx_hal_rcc.o
    0x080010f4   0x080010f4   0x0000000c   Code   RO          720    i.HAL_RCC_GetHCLKFreq  stm32f1xx_hal_rcc.o
    0x08001100   0x08001100   0x00000020   Code   RO          722    i.HAL_RCC_GetPCLK1Freq  stm32f1xx_hal_rcc.o
    0x08001120   0x08001120   0x00000020   Code   RO          723    i.HAL_RCC_GetPCLK2Freq  stm32f1xx_hal_rcc.o
    0x08001140   0x08001140   0x00000094   Code   RO          724    i.HAL_RCC_GetSysClockFreq  stm32f1xx_hal_rcc.o
    0x080011d4   0x080011d4   0x00000464   Code   RO          727    i.HAL_RCC_OscConfig  stm32f1xx_hal_rcc.o
    0x08001638   0x08001638   0x00000002   Code   RO         2263    i.HAL_TIMEx_BreakCallback  stm32f1xx_hal_tim_ex.o
    0x0800163a   0x0800163a   0x00000002   Code   RO         2264    i.HAL_TIMEx_CommutCallback  stm32f1xx_hal_tim_ex.o
    0x0800163c   0x0800163c   0x00000066   Code   RO         1548    i.HAL_TIM_Base_Init  stm32f1xx_hal_tim.o
    0x080016a2   0x080016a2   0x00000002   Code   RO         1550    i.HAL_TIM_Base_MspInit  stm32f1xx_hal_tim.o
    0x080016a4   0x080016a4   0x00000090   Code   RO         1553    i.HAL_TIM_Base_Start_IT  stm32f1xx_hal_tim.o
    0x08001734   0x08001734   0x00000002   Code   RO         1582    i.HAL_TIM_IC_CaptureCallback  stm32f1xx_hal_tim.o
    0x08001736   0x08001736   0x00000196   Code   RO         1596    i.HAL_TIM_IRQHandler  stm32f1xx_hal_tim.o
    0x080018cc   0x080018cc   0x00000002   Code   RO         1599    i.HAL_TIM_OC_DelayElapsedCallback  stm32f1xx_hal_tim.o
    0x080018ce   0x080018ce   0x00000002   Code   RO         1626    i.HAL_TIM_PWM_PulseFinishedCallback  stm32f1xx_hal_tim.o
    0x080018d0   0x080018d0   0x00000018   Code   RO           14    i.HAL_TIM_PeriodElapsedCallback  main.o
    0x080018e8   0x080018e8   0x00000002   Code   RO         1639    i.HAL_TIM_TriggerCallback  stm32f1xx_hal_tim.o
    0x080018ea   0x080018ea   0x00000002   Code   RO         2541    i.HAL_UARTEx_RxEventCallback  stm32f1xx_hal_uart.o
    0x080018ec   0x080018ec   0x00000002   Code   RO         2555    i.HAL_UART_ErrorCallback  stm32f1xx_hal_uart.o
    0x080018ee   0x080018ee   0x00000002   PAD
    0x080018f0   0x080018f0   0x0000024c   Code   RO         2558    i.HAL_UART_IRQHandler  stm32f1xx_hal_uart.o
    0x08001b3c   0x08001b3c   0x00000072   Code   RO         2559    i.HAL_UART_Init     stm32f1xx_hal_uart.o
    0x08001bae   0x08001bae   0x00000002   PAD
    0x08001bb0   0x08001bb0   0x00000110   Code   RO          299    i.HAL_UART_MspInit  usart.o
    0x08001cc0   0x08001cc0   0x000000dc   Code   RO         2562    i.HAL_UART_Receive  stm32f1xx_hal_uart.o
    0x08001d9c   0x08001d9c   0x00000002   Code   RO         2565    i.HAL_UART_RxCpltCallback  stm32f1xx_hal_uart.o
    0x08001d9e   0x08001d9e   0x000000d2   Code   RO         2567    i.HAL_UART_Transmit  stm32f1xx_hal_uart.o
    0x08001e70   0x08001e70   0x00000002   Code   RO         2570    i.HAL_UART_TxCpltCallback  stm32f1xx_hal_uart.o
    0x08001e72   0x08001e72   0x00000004   Code   RO          361    i.HardFault_Handler  stm32f1xx_it.o
    0x08001e76   0x08001e76   0x00000002   PAD
    0x08001e78   0x08001e78   0x00000060   Code   RO          220    i.MX_FREERTOS_Init  freertos.o
    0x08001ed8   0x08001ed8   0x000000b4   Code   RO          196    i.MX_GPIO_Init      gpio.o
    0x08001f8c   0x08001f8c   0x00000038   Code   RO          300    i.MX_USART1_UART_Init  usart.o
    0x08001fc4   0x08001fc4   0x0000003c   Code   RO          301    i.MX_USART2_UART_Init  usart.o
    0x08002000   0x08002000   0x00000004   Code   RO          362    i.MemManage_Handler  stm32f1xx_it.o
    0x08002004   0x08002004   0x00000030   Code   RO         4246    i.MotorGoStrate     motor.o
    0x08002034   0x08002034   0x0000007c   Code   RO          221    i.MotorRun          freertos.o
    0x080020b0   0x080020b0   0x00000044   Code   RO         4247    i.MotorTurn180      motor.o
    0x080020f4   0x080020f4   0x00000044   Code   RO         4248    i.MotorTurnLeft     motor.o
    0x08002138   0x08002138   0x00000044   Code   RO         4249    i.MotorTurnRight    motor.o
    0x0800217c   0x0800217c   0x00000004   Code   RO          363    i.NMI_Handler       stm32f1xx_it.o
    0x08002180   0x08002180   0x00000028   Code   RO          728    i.RCC_Delay         stm32f1xx_hal_rcc.o
    0x080021a8   0x080021a8   0x0000000a   Code   RO          222    i.StartDefaultTask  freertos.o
    0x080021b2   0x080021b2   0x00000002   PAD
    0x080021b4   0x080021b4   0x00000034   Code   RO         4143    i.SysTick_Handler   port.o
    0x080021e8   0x080021e8   0x00000066   Code   RO           15    i.SystemClock_Config  main.o
    0x0800224e   0x0800224e   0x00000002   Code   RO         2898    i.SystemInit        system_stm32f1xx.o
    0x08002250   0x08002250   0x00000010   Code   RO          364    i.TIM1_UP_IRQHandler  stm32f1xx_it.o
    0x08002260   0x08002260   0x0000009c   Code   RO         1641    i.TIM_Base_SetConfig  stm32f1xx_hal_tim.o
    0x080022fc   0x080022fc   0x00000014   Code   RO         2572    i.UART_DMAAbortOnError  stm32f1xx_hal_uart.o
    0x08002310   0x08002310   0x00000036   Code   RO         2582    i.UART_EndRxTransfer  stm32f1xx_hal_uart.o
    0x08002346   0x08002346   0x00000020   Code   RO         2583    i.UART_EndTransmit_IT  stm32f1xx_hal_uart.o
    0x08002366   0x08002366   0x000000e4   Code   RO         2585    i.UART_Receive_IT   stm32f1xx_hal_uart.o
    0x0800244a   0x0800244a   0x00000002   PAD
    0x0800244c   0x0800244c   0x000000fc   Code   RO         2586    i.UART_SetConfig    stm32f1xx_hal_uart.o
    0x08002548   0x08002548   0x00000060   Code   RO         2589    i.UART_Transmit_IT  stm32f1xx_hal_uart.o
    0x080025a8   0x080025a8   0x0000006c   Code   RO         2590    i.UART_WaitOnFlagUntilTimeout  stm32f1xx_hal_uart.o
    0x08002614   0x08002614   0x00000010   Code   RO          365    i.USART1_IRQHandler  stm32f1xx_it.o
    0x08002624   0x08002624   0x000000e0   Code   RO          366    i.USART2_HmiHandler  stm32f1xx_it.o
    0x08002704   0x08002704   0x00000014   Code   RO          367    i.USART2_IRQHandler  stm32f1xx_it.o
    0x08002718   0x08002718   0x00000004   Code   RO          368    i.UsageFault_Handler  stm32f1xx_it.o
    0x0800271c   0x0800271c   0x00000040   Code   RO          223    i.UsartHmiTask      freertos.o
    0x0800275c   0x0800275c   0x00000020   Code   RO         4538    i.__0printf         mc_w.l(printfa.o)
    0x0800277c   0x0800277c   0x00000010   Code   RO         1033    i.__NVIC_GetPriorityGrouping  stm32f1xx_hal_cortex.o
    0x0800278c   0x0800278c   0x00000028   Code   RO         1034    i.__NVIC_SetPriority  stm32f1xx_hal_cortex.o
    0x080027b4   0x080027b4   0x0000000e   Code   RO         4608    i.__scatterload_copy  mc_w.l(handlers.o)
    0x080027c2   0x080027c2   0x00000002   Code   RO         4609    i.__scatterload_null  mc_w.l(handlers.o)
    0x080027c4   0x080027c4   0x0000000e   Code   RO         4610    i.__scatterload_zeroinit  mc_w.l(handlers.o)
    0x080027d2   0x080027d2   0x00000002   PAD
    0x080027d4   0x080027d4   0x00000184   Code   RO         4545    i._fp_digits        mc_w.l(printfa.o)
    0x08002958   0x08002958   0x000006b4   Code   RO         4546    i._printf_core      mc_w.l(printfa.o)
    0x0800300c   0x0800300c   0x00000024   Code   RO         4547    i._printf_post_padding  mc_w.l(printfa.o)
    0x08003030   0x08003030   0x0000002e   Code   RO         4548    i._printf_pre_padding  mc_w.l(printfa.o)
    0x0800305e   0x0800305e   0x00000002   PAD
    0x08003060   0x08003060   0x0000001c   Code   RO          302    i.fputc             usart.o
    0x0800307c   0x0800307c   0x00000020   Code   RO           16    i.main              main.o
    0x0800309c   0x0800309c   0x0000000e   Code   RO         3714    i.makeFreeRtosPriority  cmsis_os.o
    0x080030aa   0x080030aa   0x00000018   Code   RO         3716    i.osDelay           cmsis_os.o
    0x080030c2   0x080030c2   0x0000000a   Code   RO         3719    i.osKernelStart     cmsis_os.o
    0x080030cc   0x080030cc   0x0000005e   Code   RO         3753    i.osThreadCreate    cmsis_os.o
    0x0800312a   0x0800312a   0x00000002   PAD
    0x0800312c   0x0800312c   0x00000098   Code   RO         3400    i.prvAddCurrentTaskToDelayedList  tasks.o
    0x080031c4   0x080031c4   0x000000b4   Code   RO         3401    i.prvAddNewTaskToReadyList  tasks.o
    0x08003278   0x08003278   0x00000048   Code   RO         3402    i.prvCheckTasksWaitingTermination  tasks.o
    0x080032c0   0x080032c0   0x00000050   Code   RO         3403    i.prvDeleteTCB      tasks.o
    0x08003310   0x08003310   0x0000007c   Code   RO         4081    i.prvHeapInit       heap_4.o
    0x0800338c   0x0800338c   0x00000028   Code   RO         3404    i.prvIdleTask       tasks.o
    0x080033b4   0x080033b4   0x000000aa   Code   RO         3405    i.prvInitialiseNewTask  tasks.o
    0x0800345e   0x0800345e   0x00000002   PAD
    0x08003460   0x08003460   0x00000068   Code   RO         3406    i.prvInitialiseTaskLists  tasks.o
    0x080034c8   0x080034c8   0x00000068   Code   RO         4082    i.prvInsertBlockIntoFreeList  heap_4.o
    0x08003530   0x08003530   0x00000034   Code   RO         3407    i.prvResetNextTaskUnblockTime  tasks.o
    0x08003564   0x08003564   0x00000040   Code   RO         4144    i.prvTaskExitError  port.o
    0x080035a4   0x080035a4   0x0000013c   Code   RO         4083    i.pvPortMalloc      heap_4.o
    0x080036e0   0x080036e0   0x00000024   Code   RO         4145    i.pxPortInitialiseStack  port.o
    0x08003704   0x08003704   0x00000014   Code   RO          303    i.usarthmi_rx_clear  usart.o
    0x08003718   0x08003718   0x00000028   Code   RO         3035    i.uxListRemove      list.o
    0x08003740   0x08003740   0x00000018   Code   RO          224    i.vApplicationGetIdleTaskMemory  freertos.o
    0x08003758   0x08003758   0x0000001a   Code   RO         3036    i.vListInitialise   list.o
    0x08003772   0x08003772   0x00000006   Code   RO         3037    i.vListInitialiseItem  list.o
    0x08003778   0x08003778   0x00000034   Code   RO         3038    i.vListInsert       list.o
    0x080037ac   0x080037ac   0x00000018   Code   RO         3039    i.vListInsertEnd    list.o
    0x080037c4   0x080037c4   0x00000054   Code   RO         4147    i.vPortEnterCritical  port.o
    0x08003818   0x08003818   0x0000003c   Code   RO         4148    i.vPortExitCritical  port.o
    0x08003854   0x08003854   0x00000094   Code   RO         4084    i.vPortFree         heap_4.o
    0x080038e8   0x080038e8   0x00000028   Code   RO         4149    i.vPortSetupTimerInterrupt  port.o
    0x08003910   0x08003910   0x0000005c   Code   RO         3415    i.vTaskDelay        tasks.o
    0x0800396c   0x0800396c   0x000000b0   Code   RO         3428    i.vTaskStartScheduler  tasks.o
    0x08003a1c   0x08003a1c   0x00000010   Code   RO         3430    i.vTaskSuspendAll   tasks.o
    0x08003a2c   0x08003a2c   0x0000008c   Code   RO         3431    i.vTaskSwitchContext  tasks.o
    0x08003ab8   0x08003ab8   0x000000f8   Code   RO         4151    i.xPortStartScheduler  port.o
    0x08003bb0   0x08003bb0   0x00000064   Code   RO         3433    i.xTaskCreate       tasks.o
    0x08003c14   0x08003c14   0x000000b8   Code   RO         3434    i.xTaskCreateStatic  tasks.o
    0x08003ccc   0x08003ccc   0x00000148   Code   RO         3441    i.xTaskIncrementTick  tasks.o
    0x08003e14   0x08003e14   0x00000104   Code   RO         3447    i.xTaskResumeAll    tasks.o
    0x08003f18   0x08003f18   0x00000054   Data   RO          226    .constdata          freertos.o
    0x08003f6c   0x08003f6c   0x00000018   Data   RO         2899    .constdata          system_stm32f1xx.o
    0x08003f84   0x08003f84   0x00000021   Data   RO          227    .conststring        freertos.o
    0x08003fa5   0x08003fa5   0x00000003   PAD
    0x08003fa8   0x08003fa8   0x00000020   Data   RO         4606    Region$$Table       anon$$obj.o


    Execution Region RW_IRAM1 (Exec base: 0x20000000, Load base: 0x08003fc8, Size: 0x000018a0, Max: 0x0000c000, ABSOLUTE, COMPRESSED[0x00000020])

    Exec Addr    Load Addr    Size         Type   Attr      Idx    E Section Name        Object

    0x20000000   COMPRESSED   0x0000000c   Data   RW          228    .data               freertos.o
    0x2000000c   COMPRESSED   0x0000040c   Data   RW          305    .data               usart.o
    0x20000418   COMPRESSED   0x00000009   Data   RW          565    .data               stm32f1xx_hal.o
    0x20000421   COMPRESSED   0x00000003   PAD
    0x20000424   COMPRESSED   0x00000004   Data   RW         2900    .data               system_stm32f1xx.o
    0x20000428   COMPRESSED   0x0000003c   Data   RW         3450    .data               tasks.o
    0x20000464   COMPRESSED   0x00000018   Data   RW         4089    .data               heap_4.o
    0x2000047c   COMPRESSED   0x0000000c   Data   RW         4152    .data               port.o
    0x20000488   COMPRESSED   0x00000004   Data   RW         4582    .data               mc_w.l(stdout.o)
    0x2000048c        -       0x00000254   Zero   RW          225    .bss                freertos.o
    0x200006e0        -       0x00000088   Zero   RW          304    .bss                usart.o
    0x20000768        -       0x00000048   Zero   RW          468    .bss                stm32f1xx_hal_timebase_tim.o
    0x200007b0        -       0x000000f0   Zero   RW         3449    .bss                tasks.o
    0x200008a0        -       0x00000c00   Zero   RW         4088    .bss                heap_4.o
    0x200014a0        -       0x00000400   Zero   RW            1    STACK               startup_stm32f103xe.o


==============================================================================

Image component sizes


      Code (inc. data)   RO Data    RW Data    ZI Data      Debug   Object Name

       142          0          0          0          0      21863   cmsis_os.o
         0          0          0          0          0      18092   event_groups.o
       318         50        117         12        596       3574   freertos.o
       180         14          0          0          0        875   gpio.o
       692         62          0         24       3072       7059   heap_4.o
       148          0          0          0          0       3270   list.o
       164          6          0          0          0     519768   main.o
       252         38          0          0          0       1916   motor.o
       734         64          0         12          0      10124   port.o
        36          8        304          0       1024        780   startup_stm32f103xe.o
        76         20          0          9          0       5098   stm32f1xx_hal.o
       252         22          0          0          0      28522   stm32f1xx_hal_cortex.o
       510         10          0          0          0       1819   stm32f1xx_hal_dma.o
       864         40          0          0          0       3205   stm32f1xx_hal_gpio.o
        92          8          0          0          0        842   stm32f1xx_hal_msp.o
      1852        120          0          0          0       6401   stm32f1xx_hal_rcc.o
       818         44          0          0          0       5898   stm32f1xx_hal_tim.o
         4          0          0          0          0       1441   stm32f1xx_hal_tim_ex.o
       136         18          0          0         72       1387   stm32f1xx_hal_timebase_tim.o
      1930         10          0          0          0      10991   stm32f1xx_hal_uart.o
       298         26          0          0          0       4306   stm32f1xx_it.o
         0          0          0          0          0        392   stream_buffer.o
         2          0         24          4          0       1047   system_stm32f1xx.o
      2146        270          0         60        240      16517   tasks.o
       436         46          0       1036        136       3647   usart.o

    ----------------------------------------------------------------------
     12098        876        480       1160       5140     678834   Object Totals
         0          0         32          0          0          0   (incl. Generated)
        16          0          3          3          0          0   (incl. Padding)

    ----------------------------------------------------------------------

      Code (inc. data)   RO Data    RW Data    ZI Data      Debug   Library Member Name

        58          0          0          0          0          0   __dczerorl.o
         0          0          0          0          0          0   entry.o
         0          0          0          0          0          0   entry10a.o
         0          0          0          0          0          0   entry11a.o
         4          0          0          0          0          0   entry12b.o
         8          4          0          0          0          0   entry2.o
         4          0          0          0          0          0   entry5.o
         0          0          0          0          0          0   entry7b.o
         0          0          0          0          0          0   entry8b.o
         8          4          0          0          0          0   entry9a.o
        30          0          0          0          0          0   handlers.o
        36          8          0          0          0         68   init.o
         0          0          0          0          0          0   iusefp.o
        30          0          0          0          0         68   llshl.o
        36          0          0          0          0         68   llsshr.o
        32          0          0          0          0         68   llushr.o
        36          0          0          0          0         68   memcpya.o
        36          0          0          0          0        108   memseta.o
      2218         90          0          0          0        464   printfa.o
         0          0          0          4          0          0   stdout.o
        44          0          0          0          0         80   uidiv.o
        98          0          0          0          0         92   uldiv.o
        48          0          0          0          0         68   cdrcmple.o
       334          0          0          0          0        148   dadd.o
       222          0          0          0          0        100   ddiv.o
       186          0          0          0          0        176   depilogue.o
        48          0          0          0          0         68   dfixul.o
       228          0          0          0          0         96   dmul.o

    ----------------------------------------------------------------------
      3750        106          0          4          0       1740   Library Totals
         6          0          0          0          0          0   (incl. Padding)

    ----------------------------------------------------------------------

      Code (inc. data)   RO Data    RW Data    ZI Data      Debug   Library Name

      2678        106          0          4          0       1084   mc_w.l
      1066          0          0          0          0        656   mf_w.l

    ----------------------------------------------------------------------
      3750        106          0          4          0       1740   Library Totals

    ----------------------------------------------------------------------

==============================================================================


      Code (inc. data)   RO Data    RW Data    ZI Data      Debug   

     15848        982        480       1164       5140     674098   Grand Totals
     15848        982        480         32       5140     674098   ELF Image Totals (compressed)
     15848        982        480         32          0          0   ROM Totals

==============================================================================

    Total RO  Size (Code + RO Data)                16328 (  15.95kB)
    Total RW  Size (RW Data + ZI Data)              6304 (   6.16kB)
    Total ROM Size (Code + RO Data + RW Data)      16360 (  15.98kB)

==============================================================================

